Archive member included to satisfy reference by file (symbol)

C:/devkitPro/libctru/lib\libcitro2d.a(base.o)
                              main.o (C2D_Init)
C:/devkitPro/libctru/lib\libcitro2d.a(text.o)
                              main.o (C2D_TextBufNew)
C:/devkitPro/libctru/lib\libcitro2d.a(spritesheet.o)
                              main.o (C2D_SpriteSheetLoad)
C:/devkitPro/libctru/lib\libcitro2d.a(font.o)
                              C:/devkitPro/libctru/lib\libcitro2d.a(text.o) (C2D_FontGlyphIndexFromCodePoint)
C:/devkitPro/libctru/lib\libcitro2d.a(render2d.shbin.o)
                              C:/devkitPro/libctru/lib\libcitro2d.a(base.o) (render2d_shbin_size)
C:/devkitPro/libctru/lib\libcitro3d.a(base.o)
                              main.o (C3D_Init)
C:/devkitPro/libctru/lib\libcitro3d.a(renderqueue.o)
                              C:/devkitPro/libctru/lib\libcitro3d.a(base.o) (C3Di_RenderQueueInit)
C:/devkitPro/libctru/lib\libcitro3d.a(texture.o)
                              C:/devkitPro/libctru/lib\libcitro2d.a(base.o) (C3D_TexBind)
C:/devkitPro/libctru/lib\libcitro3d.a(tex3ds.o)
                              C:/devkitPro/libctru/lib\libcitro2d.a(spritesheet.o) (Tex3DS_TextureImport)
C:/devkitPro/libctru/lib\libcitro3d.a(framebuffer.o)
                              C:/devkitPro/libctru/lib\libcitro3d.a(renderqueue.o) (C3D_CalcColorBufSize)
C:/devkitPro/libctru/lib\libcitro3d.a(texenv.o)
                              C:/devkitPro/libctru/lib\libcitro2d.a(base.o) (C3D_GetTexEnv)
C:/devkitPro/libctru/lib\libcitro3d.a(proctex.o)
                              C:/devkitPro/libctru/lib\libcitro2d.a(base.o) (C3D_ProcTexInit)
C:/devkitPro/libctru/lib\libcitro3d.a(uniforms.o)
                              C:/devkitPro/libctru/lib\libcitro3d.a(base.o) (C3D_UpdateUniforms)
C:/devkitPro/libctru/lib\libcitro3d.a(buffers.o)
                              C:/devkitPro/libctru/lib\libcitro2d.a(base.o) (BufInfo_Init)
C:/devkitPro/libctru/lib\libcitro3d.a(drawArrays.o)
                              C:/devkitPro/libctru/lib\libcitro2d.a(base.o) (C3D_DrawArrays)
C:/devkitPro/libctru/lib\libcitro3d.a(effect.o)
                              C:/devkitPro/libctru/lib\libcitro3d.a(base.o) (C3D_DepthMap)
C:/devkitPro/libctru/lib\libcitro3d.a(attribs.o)
                              C:/devkitPro/libctru/lib\libcitro2d.a(base.o) (AttrInfo_Init)
C:/devkitPro/libctru/lib\libcitro3d.a(immediate.o)
                              C:/devkitPro/libctru/lib\libcitro3d.a(base.o) (C3D_ImmSendAttrib)
C:/devkitPro/libctru/lib\libcitro3d.a(mtx_ortho.o)
                              C:/devkitPro/libctru/lib\libcitro2d.a(base.o) (Mtx_Ortho)
C:/devkitPro/libctru/lib\libcitro3d.a(mtx_orthotilt.o)
                              C:/devkitPro/libctru/lib\libcitro2d.a(base.o) (Mtx_OrthoTilt)
C:/devkitPro/libctru/lib\libctru.a(vram.o)
                              C:/devkitPro/libctru/lib\libcitro3d.a(renderqueue.o) (vramAlloc)
C:/devkitPro/libctru/lib\libctru.a(linear.o)
                              C:/devkitPro/libctru/lib\libcitro2d.a(base.o) (linearAlloc)
C:/devkitPro/libctru/lib\libctru.a(mem_pool.o)
                              C:/devkitPro/libctru/lib\libctru.a(vram.o) (MemPool::Allocate(MemChunk&, unsigned long, int))
C:/devkitPro/libctru/lib\libctru.a(romfs_dev.o)
                              main.o (romfsMount)
C:/devkitPro/libctru/lib\libctru.a(os.o)
                              C:/devkitPro/libctru/lib\libcitro3d.a(texture.o) (osConvertVirtToPhys)
C:/devkitPro/libctru/lib\libctru.a(font.o)
                              C:/devkitPro/libctru/lib\libcitro2d.a(text.o) (fontEnsureMapped)
C:/devkitPro/libctru/lib\libctru.a(gfx.o)
                              main.o (gfxInitDefault)
C:/devkitPro/libctru/lib\libctru.a(mappable.o)
                              C:/devkitPro/libctru/lib\libctru.a(gfx.o) (mappableAlloc)
C:/devkitPro/libctru/lib\libctru.a(shaderProgram.o)
                              C:/devkitPro/libctru/lib\libcitro2d.a(base.o) (shaderInstanceGetUniformLocation)
C:/devkitPro/libctru/lib\libctru.a(shbin.o)
                              C:/devkitPro/libctru/lib\libcitro2d.a(base.o) (DVLB_ParseFile)
C:/devkitPro/libctru/lib\libctru.a(gx.o)
                              C:/devkitPro/libctru/lib\libcitro3d.a(renderqueue.o) (GX_BindQueue)
C:/devkitPro/libctru/lib\libctru.a(gxqueue.o)
                              C:/devkitPro/libctru/lib\libcitro3d.a(renderqueue.o) (gxCmdQueueClear)
C:/devkitPro/libctru/lib\libctru.a(gpu.o)
                              C:/devkitPro/libctru/lib\libcitro3d.a(base.o) (GPUCMD_Add)
C:/devkitPro/libctru/lib\libctru.a(gspgpu.o)
                              C:/devkitPro/libctru/lib\libctru.a(gfx.o) (gspInit)
C:/devkitPro/libctru/lib\libctru.a(cfgu.o)
                              C:/devkitPro/libctru/lib\libcitro2d.a(font.o) (CFGU_SecureInfoGetRegion)
C:/devkitPro/libctru/lib\libctru.a(fs.o)
                              C:/devkitPro/libctru/lib\libcitro2d.a(font.o) (FSUSER_OpenFileDirectly)
[...]
Memory Configuration

Name             Origin             Length             Attributes
*default*        0x0000000000000000 0xffffffffffffffff

Linker script and memory map

                0x0000000000100000                PROVIDE (__start__ = 0x100000)
                0x0000000000100000                . = __start__

.text           0x0000000000100000    0x1e008
 *(.crt0)
 .crt0          0x0000000000100000       0x94 c:/devkitpro/devkitarm/bin/../lib/gcc/arm-none-eabi/10.1.0/../../../../arm-none-eabi/lib/armv6k/fpu/3dsx_crt0.o
                0x0000000000100000                _start
                0x0000000000100008                __service_ptr
                0x000000000010000c                __apt_appid
                0x0000000000100010                __heap_size
                0x0000000000100014                __linear_heap_size
                0x0000000000100018                __system_arglist
                0x000000000010001c                __system_runflags
 *(.init)
 .init          0x0000000000100094        0xc c:/devkitpro/devkitarm/bin/../lib/gcc/arm-none-eabi/10.1.0/armv6k/fpu/crti.o
                0x0000000000100094                _init
 .init          0x00000000001000a0        0xc c:/devkitpro/devkitarm/bin/../lib/gcc/arm-none-eabi/10.1.0/armv6k/fpu/crtn.o
                0x00000000001000ac                . = ALIGN (0x4)
 *(.text)
 .text          0x00000000001000ac      0x20c c:/devkitpro/devkitarm/bin/../lib/gcc/arm-none-eabi/10.1.0/armv6k/fpu\libgcc.a(_udivsi3.o)
                0x00000000001000ac                __aeabi_uidiv
                0x00000000001000ac                __udivsi3
                0x0000000000100298                __aeabi_uidivmod
 .text          0x00000000001002b8      0x240 c:/devkitpro/devkitarm/bin/../lib/gcc/arm-none-eabi/10.1.0/armv6k/fpu\libgcc.a(_divsi3.o)
                0x00000000001002b8                __divsi3
                0x00000000001002b8                __aeabi_idiv
                0x00000000001004d8                __aeabi_idivmod
 .text          0x00000000001004f8        0x4 c:/devkitpro/devkitarm/bin/../lib/gcc/arm-none-eabi/10.1.0/armv6k/fpu\libgcc.a(_dvmd_tls.o)
                0x00000000001004f8                __aeabi_idiv0
                0x00000000001004f8                __aeabi_ldiv0
 .text          0x00000000001004fc      0x3c0 c:/devkitpro/devkitarm/bin/../lib/gcc/arm-none-eabi/10.1.0/armv6k/fpu\libgcc.a(_arm_addsubdf3.o)
                0x00000000001004fc                __aeabi_drsub
                0x0000000000100504                __aeabi_dsub
                0x0000000000100504                __subdf3
                0x0000000000100508                __aeabi_dadd
                0x0000000000100508                __adddf3
                0x00000000001007b4                __floatunsidf
                0x00000000001007b4                __aeabi_ui2d
                0x00000000001007d8                __floatsidf
                0x00000000001007d8                __aeabi_i2d
                0x0000000000100800                __aeabi_f2d
                0x0000000000100800                __extendsfdf2
                0x0000000000100848                __floatundidf
                0x0000000000100848                __aeabi_ul2d
                0x000000000010085c                __floatdidf
                0x000000000010085c                __aeabi_l2d
 .text          0x00000000001008bc       0x3c c:/devkitpro/devkitarm/bin/../lib/gcc/arm-none-eabi/10.1.0/armv6k/fpu\libgcc.a(_aeabi_uldivmod.o)
                0x00000000001008bc                __aeabi_uldivmod
 .text          0x00000000001008f8      0x1a8 c:/devkitpro/devkitarm/bin/../lib/gcc/arm-none-eabi/10.1.0/armv6k/fpu\libgcc.a(libunwind.o)
                0x00000000001008f8                __restore_core_regs
                0x00000000001008f8                restore_core_regs
                0x000000000010090c                __gnu_Unwind_Restore_VFP
                0x0000000000100914                __gnu_Unwind_Save_VFP
                0x000000000010091c                __gnu_Unwind_Restore_VFP_D
                0x0000000000100924                __gnu_Unwind_Save_VFP_D
                0x000000000010092c                __gnu_Unwind_Restore_VFP_D_16_to_31
                0x0000000000100934                __gnu_Unwind_Save_VFP_D_16_to_31
                0x000000000010093c                __gnu_Unwind_Restore_WMMXD
                0x0000000000100980                __gnu_Unwind_Save_WMMXD
                0x00000000001009c4                __gnu_Unwind_Restore_WMMXC
                0x00000000001009d8                __gnu_Unwind_Save_WMMXC
                0x00000000001009ec                ___Unwind_RaiseException
                0x00000000001009ec                _Unwind_RaiseException
                0x0000000000100a10                _Unwind_Resume
                0x0000000000100a10                ___Unwind_Resume
                0x0000000000100a34                _Unwind_Resume_or_Rethrow
                0x0000000000100a34                ___Unwind_Resume_or_Rethrow
                0x0000000000100a58                _Unwind_ForcedUnwind
                0x0000000000100a58                ___Unwind_ForcedUnwind
                0x0000000000100a7c                ___Unwind_Backtrace
                0x0000000000100a7c                _Unwind_Backtrace
 .text          0x0000000000100aa0      0x390 c:/devkitpro/devkitarm/bin/../lib/gcc/arm-none-eabi/10.1.0/../../../../arm-none-eabi/lib/armv6k/fpu\libg.a(lib_a-strcmp.o)
                0x0000000000100aa8                strcmp
 *(.text.*)
 .text.deregister_tm_clones
                0x0000000000100e30       0x2c c:/devkitpro/devkitarm/bin/../lib/gcc/arm-none-eabi/10.1.0/armv6k/fpu/crtbegin.o
 .text.register_tm_clones
                0x0000000000100e5c       0x38 c:/devkitpro/devkitarm/bin/../lib/gcc/arm-none-eabi/10.1.0/armv6k/fpu/crtbegin.o
 .text.__do_global_dtors_aux
                0x0000000000100e94       0x44 c:/devkitpro/devkitarm/bin/../lib/gcc/arm-none-eabi/10.1.0/armv6k/fpu/crtbegin.o
 .text.frame_dummy
                0x0000000000100ed8       0x34 c:/devkitpro/devkitarm/bin/../lib/gcc/arm-none-eabi/10.1.0/armv6k/fpu/crtbegin.o
 .text._ZNSt6vectorI10C2D_SpriteSaIS0_EE17_M_realloc_insertIJRKS0_EEEvN9__gnu_cxx17__normal_iteratorIPS0_S2_EEDpOT_
                0x0000000000100f0c      0x148 main.o
                0x0000000000100f0c                void std::vector<C2D_Sprite, std::allocator<C2D_Sprite> >::_M_realloc_insert<C2D_Sprite const&>(__gnu_cxx::__normal_iterator<C2D_Sprite*, std::vector<C2D_Sprite, std::allocator<C2D_Sprite> > >, C2D_Sprite const&)
 .text._ZNSt6vectorI5EnemySaIS0_EE17_M_realloc_insertIJS0_EEEvN9__gnu_cxx17__normal_iteratorIPS0_S2_EEDpOT_
                0x0000000000101054      0x1cc main.o
                0x0000000000101054                void std::vector<Enemy, std::allocator<Enemy> >::_M_realloc_insert<Enemy>(__gnu_cxx::__normal_iterator<Enemy*, std::vector<Enemy, std::allocator<Enemy> > >, Enemy&&)
 .text._ZNSt6vectorI5EnemySaIS0_EE12emplace_backIJS0_EEEvDpOT_
                0x0000000000101220       0x58 main.o
                0x0000000000101220                void std::vector<Enemy, std::allocator<Enemy> >::emplace_back<Enemy>(Enemy&&)
 .text._Z10spawnEnemyRSt6vectorI5EnemySaIS0_EEim6Player
                0x0000000000101278      0x2c4 main.o
                0x0000000000101278                spawnEnemy(std::vector<Enemy, std::allocator<Enemy> >&, int, unsigned long, Player)
 .text._ZNSt6vectorI10ProjectileSaIS0_EE17_M_realloc_insertIJS0_EEEvN9__gnu_cxx17__normal_iteratorIPS0_S2_EEDpOT_
                0x000000000010153c      0x1cc main.o
                0x000000000010153c                void std::vector<Projectile, std::allocator<Projectile> >::_M_realloc_insert<Projectile>(__gnu_cxx::__normal_iterator<Projectile*, std::vector<Projectile, std::allocator<Projectile> > >, Projectile&&)
 .text.startup.main
                0x0000000000101708     0x19e0 main.o
                0x0000000000101708                main
 .text.C2Di_FrameEndHook
                0x00000000001030e8       0x34 C:/devkitPro/libctru/lib\libcitro2d.a(base.o)
 *fill*         0x000000000010311c        0x4 
 .text.C2D_Init
                0x0000000000103120      0x330 C:/devkitPro/libctru/lib\libcitro2d.a(base.o)
                0x0000000000103120                C2D_Init
 .text.C2D_Fini
                0x0000000000103450       0x44 C:/devkitPro/libctru/lib\libcitro2d.a(base.o)
                0x0000000000103450                C2D_Fini
 .text.C2D_Prepare
                0x0000000000103494       0xd0 C:/devkitPro/libctru/lib\libcitro2d.a(base.o)
                0x0000000000103494                C2D_Prepare
 .text.C2D_Flush
                0x0000000000103564       0x3c C:/devkitPro/libctru/lib\libcitro2d.a(base.o)
                0x0000000000103564                C2D_Flush
 .text.C2D_SceneSize
                0x00000000001035a0      0x104 C:/devkitPro/libctru/lib\libcitro2d.a(base.o)
                0x00000000001035a0                C2D_SceneSize
 .text.C2D_CreateScreenTarget
                0x00000000001036a4       0x48 C:/devkitPro/libctru/lib\libcitro2d.a(base.o)
                0x00000000001036a4                C2D_CreateScreenTarget
 .text.C2D_TargetClear
                0x00000000001036ec       0x58 C:/devkitPro/libctru/lib\libcitro2d.a(base.o)
                0x00000000001036ec                C2D_TargetClear
 .text.C2Di_CalcQuad
                0x0000000000103744      0x13c C:/devkitPro/libctru/lib\libcitro2d.a(base.o)
                0x0000000000103744                C2Di_CalcQuad
 .text.C2Di_AppendVtx
                0x0000000000103880       0x40 C:/devkitPro/libctru/lib\libcitro2d.a(base.o)
                0x0000000000103880                C2Di_AppendVtx
 .text.C2Di_Update
                0x00000000001038c0      0x22c C:/devkitPro/libctru/lib\libcitro2d.a(base.o)
                0x00000000001038c0                C2Di_Update
 .text.C2D_DrawImage
                0x0000000000103aec      0x2f8 C:/devkitPro/libctru/lib\libcitro2d.a(base.o)
                0x0000000000103aec                C2D_DrawImage
 .text.C2D_DrawTriangle
                0x0000000000103de4      0x134 C:/devkitPro/libctru/lib\libcitro2d.a(base.o)
                0x0000000000103de4                C2D_DrawTriangle
 .text.C2D_DrawEllipse
                0x0000000000103f18      0x1a8 C:/devkitPro/libctru/lib\libcitro2d.a(base.o)
                0x0000000000103f18                C2D_DrawEllipse
 .text.C2Di_GlyphComp
                0x00000000001040c0       0x18 C:/devkitPro/libctru/lib\libcitro2d.a(text.o)
 .text.C2D_TextBufNew
                0x00000000001040d8      0x1cc C:/devkitPro/libctru/lib\libcitro2d.a(text.o)
                0x00000000001040d8                C2D_TextBufNew
 .text.C2D_TextBufDelete
                0x00000000001042a4        0x4 C:/devkitPro/libctru/lib\libcitro2d.a(text.o)
                0x00000000001042a4                C2D_TextBufDelete
 .text.C2D_TextBufClear
                0x00000000001042a8        0xc C:/devkitPro/libctru/lib\libcitro2d.a(text.o)
                0x00000000001042a8                C2D_TextBufClear
 .text.C2D_TextFontParseLine
                0x00000000001042b4      0x198 C:/devkitPro/libctru/lib\libcitro2d.a(text.o)
                0x00000000001042b4                C2D_TextFontParseLine
 .text.C2D_TextFontParse
                0x000000000010444c       0x90 C:/devkitPro/libctru/lib\libcitro2d.a(text.o)
                0x000000000010444c                C2D_TextFontParse
 .text.C2D_TextParse
                0x00000000001044dc       0x14 C:/devkitPro/libctru/lib\libcitro2d.a(text.o)
                0x00000000001044dc                C2D_TextParse
 .text.C2D_TextOptimize
                0x00000000001044f0       0x2c C:/devkitPro/libctru/lib\libcitro2d.a(text.o)
                0x00000000001044f0                C2D_TextOptimize
 .text.C2D_DrawText
                0x000000000010451c      0x34c C:/devkitPro/libctru/lib\libcitro2d.a(text.o)
                0x000000000010451c                C2D_DrawText
 .text.C2D_SpriteSheetLoadFromHandle
                0x0000000000104868       0x6c C:/devkitPro/libctru/lib\libcitro2d.a(spritesheet.o)
                0x0000000000104868                C2D_SpriteSheetLoadFromHandle
 .text.C2D_SpriteSheetLoad
                0x00000000001048d4       0x48 C:/devkitPro/libctru/lib\libcitro2d.a(spritesheet.o)
                0x00000000001048d4                C2D_SpriteSheetLoad
 .text.C2D_SpriteSheetCount
                0x000000000010491c        0x8 C:/devkitPro/libctru/lib\libcitro2d.a(spritesheet.o)
                0x000000000010491c                C2D_SpriteSheetCount
 .text.C2D_SpriteSheetGetImage
                0x0000000000104924       0x2c C:/devkitPro/libctru/lib\libcitro2d.a(spritesheet.o)
                0x0000000000104924                C2D_SpriteSheetGetImage
 .text.C2D_FontGlyphIndexFromCodePoint
                0x0000000000104950       0x44 C:/devkitPro/libctru/lib\libcitro2d.a(font.o)
                0x0000000000104950                C2D_FontGlyphIndexFromCodePoint
 .text.C2D_FontCalcGlyphPos
                0x0000000000104994       0x78 C:/devkitPro/libctru/lib\libcitro2d.a(font.o)
                0x0000000000104994                C2D_FontCalcGlyphPos
 .text.C3Di_LightEnvUpdate
                0x0000000000104a0c        0x4 C:/devkitPro/libctru/lib\libcitro3d.a(base.o)
                0x0000000000104a0c                C3Di_LightEnvUpdate
 .text.C3Di_LightEnvDirty
                0x0000000000104a10        0x4 C:/devkitPro/libctru/lib\libcitro3d.a(base.o)
                0x0000000000104a10                C3Di_LightEnvDirty
 .text.C3Di_AptEventHook
                0x0000000000104a14       0xac C:/devkitPro/libctru/lib\libcitro3d.a(base.o)
 .text.C3Di_GasUpdate
                0x0000000000104ac0        0x4 C:/devkitPro/libctru/lib\libcitro3d.a(base.o)
                0x0000000000104ac0                C3Di_GasUpdate
 .text.C3D_Init
                0x0000000000104ac4      0x1e0 C:/devkitPro/libctru/lib\libcitro3d.a(base.o)
                0x0000000000104ac4                C3D_Init
 .text.C3D_SetViewport
                0x0000000000104ca4       0x98 C:/devkitPro/libctru/lib\libcitro3d.a(base.o)
                0x0000000000104ca4                C3D_SetViewport
 .text.C3Di_UpdateContext
                0x0000000000104d3c      0x4ec C:/devkitPro/libctru/lib\libcitro3d.a(base.o)
                0x0000000000104d3c                C3Di_UpdateContext
 .text.C3Di_SplitFrame
                0x0000000000105228       0xe0 C:/devkitPro/libctru/lib\libcitro3d.a(base.o)
                0x0000000000105228                C3Di_SplitFrame
 .text.C3D_Fini
                0x0000000000105308       0x44 C:/devkitPro/libctru/lib\libcitro3d.a(base.o)
                0x0000000000105308                C3D_Fini
 .text.C3D_BindProgram
                0x000000000010534c      0x108 C:/devkitPro/libctru/lib\libcitro3d.a(base.o)
                0x000000000010534c                C3D_BindProgram
 .text.onVBlank0
                0x0000000000105454       0x4c C:/devkitPro/libctru/lib\libcitro3d.a(renderqueue.o)
 .text.onVBlank1
                0x00000000001054a0       0x4c C:/devkitPro/libctru/lib\libcitro3d.a(renderqueue.o)
 .text.C3Di_RenderTargetDestroy
                0x00000000001054ec       0x80 C:/devkitPro/libctru/lib\libcitro3d.a(renderqueue.o)
 .text.onQueueFinish
                0x000000000010556c       0xec C:/devkitPro/libctru/lib\libcitro3d.a(renderqueue.o)
 .text.C3Di_RenderQueueInit
                0x0000000000105658       0x60 C:/devkitPro/libctru/lib\libcitro3d.a(renderqueue.o)
                0x0000000000105658                C3Di_RenderQueueInit
 .text.C3Di_RenderQueueExit
                0x00000000001056b8       0xb0 C:/devkitPro/libctru/lib\libcitro3d.a(renderqueue.o)
                0x00000000001056b8                C3Di_RenderQueueExit
 .text.C3Di_RenderQueueWaitDone
                0x0000000000105768       0x34 C:/devkitPro/libctru/lib\libcitro3d.a(renderqueue.o)
                0x0000000000105768                C3Di_RenderQueueWaitDone
 .text.C3D_FrameBegin
                0x000000000010579c       0xe4 C:/devkitPro/libctru/lib\libcitro3d.a(renderqueue.o)
                0x000000000010579c                C3D_FrameBegin
 .text.C3D_FrameDrawOn
                0x0000000000105880       0x48 C:/devkitPro/libctru/lib\libcitro3d.a(renderqueue.o)
                0x0000000000105880                C3D_FrameDrawOn
 .text.C3D_FrameSplit
                0x00000000001058c8       0x58 C:/devkitPro/libctru/lib\libcitro3d.a(renderqueue.o)
                0x00000000001058c8                C3D_FrameSplit
 .text.C3D_FrameEnd
                0x0000000000105920      0x1bc C:/devkitPro/libctru/lib\libcitro3d.a(renderqueue.o)
                0x0000000000105920                C3D_FrameEnd
 .text.C3D_FrameEndHook
                0x0000000000105adc       0x1c C:/devkitPro/libctru/lib\libcitro3d.a(renderqueue.o)
                0x0000000000105adc                C3D_FrameEndHook
 .text.C3D_RenderTargetCreate
                0x0000000000105af8      0x128 C:/devkitPro/libctru/lib\libcitro3d.a(renderqueue.o)
                0x0000000000105af8                C3D_RenderTargetCreate
 .text.C3D_RenderTargetSetOutput
                0x0000000000105c20       0x4c C:/devkitPro/libctru/lib\libcitro3d.a(renderqueue.o)
                0x0000000000105c20                C3D_RenderTargetSetOutput
 .text.C3D_SyncTextureCopy
                0x0000000000105c6c       0xfc C:/devkitPro/libctru/lib\libcitro3d.a(renderqueue.o)
                0x0000000000105c6c                C3D_SyncTextureCopy
 .text.C3D_TexInitWithParams
                0x0000000000105d68      0x2a0 C:/devkitPro/libctru/lib\libcitro3d.a(texture.o)
                0x0000000000105d68                C3D_TexInitWithParams
 .text.C3D_TexLoadImage
                0x0000000000106008       0xc8 C:/devkitPro/libctru/lib\libcitro3d.a(texture.o)
                0x0000000000106008                C3D_TexLoadImage
 .text.C3D_TexBind
                0x00000000001060d0       0x44 C:/devkitPro/libctru/lib\libcitro3d.a(texture.o)
                0x00000000001060d0                C3D_TexBind
 .text.C3D_TexDelete
                0x0000000000106114       0x74 C:/devkitPro/libctru/lib\libcitro3d.a(texture.o)
                0x0000000000106114                C3D_TexDelete
 .text.C3Di_SetTex
                0x0000000000106188      0x16c C:/devkitPro/libctru/lib\libcitro3d.a(texture.o)
                0x0000000000106188                C3Di_SetTex
 .text.Tex3DSi_ImportCommon
                0x00000000001062f4      0x3f4 C:/devkitPro/libctru/lib\libcitro3d.a(tex3ds.o)
 .text.Tex3DS_TextureImportStdio
                0x00000000001066e8       0x38 C:/devkitPro/libctru/lib\libcitro3d.a(tex3ds.o)
                0x00000000001066e8                Tex3DS_TextureImportStdio
 .text.Tex3DS_GetNumSubTextures
                0x0000000000106720        0x8 C:/devkitPro/libctru/lib\libcitro3d.a(tex3ds.o)
                0x0000000000106720                Tex3DS_GetNumSubTextures
 .text.Tex3DS_GetSubTexture
                0x0000000000106728       0x1c C:/devkitPro/libctru/lib\libcitro3d.a(tex3ds.o)
                0x0000000000106728                Tex3DS_GetSubTexture
 .text.C3D_CalcColorBufSize
                0x0000000000106744       0x1c C:/devkitPro/libctru/lib\libcitro3d.a(framebuffer.o)
                0x0000000000106744                C3D_CalcColorBufSize
 .text.C3D_CalcDepthBufSize
                0x0000000000106760       0x1c C:/devkitPro/libctru/lib\libcitro3d.a(framebuffer.o)
                0x0000000000106760                C3D_CalcDepthBufSize
 .text.C3D_SetFrameBuf
                0x000000000010677c       0x44 C:/devkitPro/libctru/lib\libcitro3d.a(framebuffer.o)
                0x000000000010677c                C3D_SetFrameBuf
 .text.C3Di_FrameBufBind
                0x00000000001067c0      0x16c C:/devkitPro/libctru/lib\libcitro3d.a(framebuffer.o)
                0x00000000001067c0                C3Di_FrameBufBind
 .text.C3D_FrameBufClear
                0x000000000010692c       0xcc C:/devkitPro/libctru/lib\libcitro3d.a(framebuffer.o)
                0x000000000010692c                C3D_FrameBufClear
 .text.C3D_FrameBufTransfer
                0x00000000001069f8       0x44 C:/devkitPro/libctru/lib\libcitro3d.a(framebuffer.o)
                0x00000000001069f8                C3D_FrameBufTransfer
 .text.C3D_GetTexEnv
                0x0000000000106a3c       0x34 C:/devkitPro/libctru/lib\libcitro3d.a(texenv.o)
                0x0000000000106a3c                C3D_GetTexEnv
 .text.C3Di_TexEnvBind
                0x0000000000106a70       0x24 C:/devkitPro/libctru/lib\libcitro3d.a(texenv.o)
                0x0000000000106a70                C3Di_TexEnvBind
 .text.C3D_ProcTexInit
                0x0000000000106a94       0x70 C:/devkitPro/libctru/lib\libcitro3d.a(proctex.o)
                0x0000000000106a94                C3D_ProcTexInit
 .text.C3D_ProcTexBind
                0x0000000000106b04       0x54 C:/devkitPro/libctru/lib\libcitro3d.a(proctex.o)
                0x0000000000106b04                C3D_ProcTexBind
 .text.C3D_ProcTexLutBind
                0x0000000000106b58       0x5c C:/devkitPro/libctru/lib\libcitro3d.a(proctex.o)
                0x0000000000106b58                C3D_ProcTexLutBind
 .text.ProcTexLut_FromArray
                0x0000000000106bb4       0xa4 C:/devkitPro/libctru/lib\libcitro3d.a(proctex.o)
                0x0000000000106bb4                ProcTexLut_FromArray
 .text.C3Di_ProcTexUpdate
                0x0000000000106c58      0x17c C:/devkitPro/libctru/lib\libcitro3d.a(proctex.o)
                0x0000000000106c58                C3Di_ProcTexUpdate
 .text.C3Di_ProcTexDirty
                0x0000000000106dd4       0x68 C:/devkitPro/libctru/lib\libcitro3d.a(proctex.o)
                0x0000000000106dd4                C3Di_ProcTexDirty
 .text.C3D_UpdateUniforms
                0x0000000000106e3c      0x29c C:/devkitPro/libctru/lib\libcitro3d.a(uniforms.o)
                0x0000000000106e3c                C3D_UpdateUniforms
 .text.C3Di_DirtyUniforms
                0x00000000001070d8       0xc0 C:/devkitPro/libctru/lib\libcitro3d.a(uniforms.o)
                0x00000000001070d8                C3Di_DirtyUniforms
 .text.C3Di_LoadShaderUniforms
                0x0000000000107198       0xd8 C:/devkitPro/libctru/lib\libcitro3d.a(uniforms.o)
                0x0000000000107198                C3Di_LoadShaderUniforms
 .text.C3Di_ClearShaderUniforms
                0x0000000000107270       0x28 C:/devkitPro/libctru/lib\libcitro3d.a(uniforms.o)
                0x0000000000107270                C3Di_ClearShaderUniforms
 .text.BufInfo_Init
                0x0000000000107298       0x24 C:/devkitPro/libctru/lib\libcitro3d.a(buffers.o)
                0x0000000000107298                BufInfo_Init
 .text.BufInfo_Add
                0x00000000001072bc       0x80 C:/devkitPro/libctru/lib\libcitro3d.a(buffers.o)
                0x00000000001072bc                BufInfo_Add
 .text.C3D_SetBufInfo
                0x000000000010733c       0x40 C:/devkitPro/libctru/lib\libcitro3d.a(buffers.o)
                0x000000000010733c                C3D_SetBufInfo
 .text.C3Di_BufInfoBind
                0x000000000010737c       0x48 C:/devkitPro/libctru/lib\libcitro3d.a(buffers.o)
                0x000000000010737c                C3Di_BufInfoBind
 .text.C3D_DrawArrays
                0x00000000001073c4      0x148 C:/devkitPro/libctru/lib\libcitro3d.a(drawArrays.o)
                0x00000000001073c4                C3D_DrawArrays
 .text.C3D_DepthMap
                0x000000000010750c       0x40 C:/devkitPro/libctru/lib\libcitro3d.a(effect.o)
                0x000000000010750c                C3D_DepthMap
 .text.C3D_CullFace
                0x000000000010754c       0x1c C:/devkitPro/libctru/lib\libcitro3d.a(effect.o)
                0x000000000010754c                C3D_CullFace
 .text.C3D_StencilTest
                0x0000000000107568       0x40 C:/devkitPro/libctru/lib\libcitro3d.a(effect.o)
                0x0000000000107568                C3D_StencilTest
 .text.C3D_StencilOp
                0x00000000001075a8       0x24 C:/devkitPro/libctru/lib\libcitro3d.a(effect.o)
                0x00000000001075a8                C3D_StencilOp
 .text.C3D_BlendingColor
                0x00000000001075cc       0x1c C:/devkitPro/libctru/lib\libcitro3d.a(effect.o)
                0x00000000001075cc                C3D_BlendingColor
 .text.C3D_EarlyDepthTest
                0x00000000001075e8       0x24 C:/devkitPro/libctru/lib\libcitro3d.a(effect.o)
                0x00000000001075e8                C3D_EarlyDepthTest
 .text.C3D_DepthTest
                0x000000000010760c       0x2c C:/devkitPro/libctru/lib\libcitro3d.a(effect.o)
                0x000000000010760c                C3D_DepthTest
 .text.C3D_AlphaTest
                0x0000000000107638       0x2c C:/devkitPro/libctru/lib\libcitro3d.a(effect.o)
                0x0000000000107638                C3D_AlphaTest
 .text.C3D_AlphaBlend
                0x0000000000107664       0x50 C:/devkitPro/libctru/lib\libcitro3d.a(effect.o)
                0x0000000000107664                C3D_AlphaBlend
 .text.C3D_FragOpMode
                0x00000000001076b4       0x30 C:/devkitPro/libctru/lib\libcitro3d.a(effect.o)
                0x00000000001076b4                C3D_FragOpMode
 .text.C3D_FragOpShadow
                0x00000000001076e4       0x44 C:/devkitPro/libctru/lib\libcitro3d.a(effect.o)
                0x00000000001076e4                C3D_FragOpShadow
 .text.C3Di_EffectBind
                0x0000000000107728      0x1ac C:/devkitPro/libctru/lib\libcitro3d.a(effect.o)
                0x0000000000107728                C3Di_EffectBind
 .text.AttrInfo_Init
                0x00000000001078d4       0x28 C:/devkitPro/libctru/lib\libcitro3d.a(attribs.o)
                0x00000000001078d4                AttrInfo_Init
 .text.AttrInfo_AddLoader
                0x00000000001078fc       0x98 C:/devkitPro/libctru/lib\libcitro3d.a(attribs.o)
                0x00000000001078fc                AttrInfo_AddLoader
 .text.C3D_SetAttrInfo
                0x0000000000107994       0x54 C:/devkitPro/libctru/lib\libcitro3d.a(attribs.o)
                0x0000000000107994                C3D_SetAttrInfo
 .text.C3Di_AttrInfoBind
                0x00000000001079e8       0x80 C:/devkitPro/libctru/lib\libcitro3d.a(attribs.o)
                0x00000000001079e8                C3Di_AttrInfoBind
 .text.C3D_ImmSendAttrib
                0x0000000000107a68       0xa8 C:/devkitPro/libctru/lib\libcitro3d.a(immediate.o)
                0x0000000000107a68                C3D_ImmSendAttrib
 .text.Mtx_Ortho
                0x0000000000107b10       0xcc C:/devkitPro/libctru/lib\libcitro3d.a(mtx_ortho.o)
                0x0000000000107b10                Mtx_Ortho
 .text.Mtx_OrthoTilt
                0x0000000000107bdc       0xcc C:/devkitPro/libctru/lib\libcitro3d.a(mtx_orthotilt.o)
                0x0000000000107bdc                Mtx_OrthoTilt
 .text._ZL21addrMapNodeComparatorPK11rbtree_nodeS1_
                0x0000000000107ca8       0x24 C:/devkitPro/libctru/lib\libctru.a(vram.o)
 .text._ZL21addrMapNodeDestructorP11rbtree_node
                0x0000000000107ccc        0x4 C:/devkitPro/libctru/lib\libctru.a(vram.o)
 .text.vramMemAlign
                0x0000000000107cd0      0x114 C:/devkitPro/libctru/lib\libctru.a(vram.o)
                0x0000000000107cd0                vramMemAlign
 .text.vramAlloc
                0x0000000000107de4        0x8 C:/devkitPro/libctru/lib\libctru.a(vram.o)
                0x0000000000107de4                vramAlloc
 .text.vramFree
                0x0000000000107dec       0x5c C:/devkitPro/libctru/lib\libctru.a(vram.o)
                0x0000000000107dec                vramFree
 .text._ZL21addrMapNodeComparatorPK11rbtree_nodeS1_
                0x0000000000107e48       0x24 C:/devkitPro/libctru/lib\libctru.a(linear.o)
 .text._ZL21addrMapNodeDestructorP11rbtree_node
                0x0000000000107e6c        0x4 C:/devkitPro/libctru/lib\libctru.a(linear.o)
 .text.linearMemAlign
                0x0000000000107e70      0x120 C:/devkitPro/libctru/lib\libctru.a(linear.o)
                0x0000000000107e70                linearMemAlign
 .text.linearAlloc
                0x0000000000107f90        0x8 C:/devkitPro/libctru/lib\libctru.a(linear.o)
                0x0000000000107f90                linearAlloc
 .text.linearFree
                0x0000000000107f98       0x5c C:/devkitPro/libctru/lib\libctru.a(linear.o)
                0x0000000000107f98                linearFree
 .text._ZN7MemPool13CoalesceRightEP8MemBlock
                0x0000000000107ff4       0x84 C:/devkitPro/libctru/lib\libctru.a(mem_pool.o)
                0x0000000000107ff4                MemPool::CoalesceRight(MemBlock*)
 .text._ZN7MemPool8AllocateER8MemChunkmi
                0x0000000000108078      0x170 C:/devkitPro/libctru/lib\libctru.a(mem_pool.o)
                0x0000000000108078                MemPool::Allocate(MemChunk&, unsigned long, int)
 .text._ZN7MemPool10DeallocateERK8MemChunk
                0x00000000001081e8       0xfc C:/devkitPro/libctru/lib\libctru.a(mem_pool.o)
                0x00000000001081e8                MemPool::Deallocate(MemChunk const&)
 .text.romfs_close
                0x00000000001082e4        0x8 C:/devkitPro/libctru/lib\libctru.a(romfs_dev.o)
 .text.romfs_seek
                0x00000000001082ec       0xc8 C:/devkitPro/libctru/lib\libctru.a(romfs_dev.o)
 .text.romfs_dirreset
                0x00000000001083b4       0x24 C:/devkitPro/libctru/lib\libctru.a(romfs_dev.o)
 .text.fill_dir
                0x00000000001083d8       0xc8 C:/devkitPro/libctru/lib\libctru.a(romfs_dev.o)
 .text.romfs_free
                0x00000000001084a0       0x7c C:/devkitPro/libctru/lib\libctru.a(romfs_dev.o)
 .text.romfs_dirnext
                0x000000000010851c      0x25c C:/devkitPro/libctru/lib\libctru.a(romfs_dev.o)
 .text.searchForFile.constprop.0
                0x0000000000108778       0xb8 C:/devkitPro/libctru/lib\libctru.a(romfs_dev.o)
 .text.searchForDir.constprop.0
                0x0000000000108830       0xbc C:/devkitPro/libctru/lib\libctru.a(romfs_dev.o)
 .text.navigateToDir.constprop.0
                0x00000000001088ec      0x1b8 C:/devkitPro/libctru/lib\libctru.a(romfs_dev.o)
 .text.romfs_open
                0x0000000000108aa4      0x128 C:/devkitPro/libctru/lib\libctru.a(romfs_dev.o)
 .text.romfs_chdir
                0x0000000000108bcc       0x54 C:/devkitPro/libctru/lib\libctru.a(romfs_dev.o)
 .text.romfs_diropen
                0x0000000000108c20       0x78 C:/devkitPro/libctru/lib\libctru.a(romfs_dev.o)
 .text.romfs_stat
                0x0000000000108c98      0x16c C:/devkitPro/libctru/lib\libctru.a(romfs_dev.o)
 .text.romfsInitMtime.isra.0
                0x0000000000108e04       0xc0 C:/devkitPro/libctru/lib\libctru.a(romfs_dev.o)
 .text.romfs_dirclose
                0x0000000000108ec4        0x8 C:/devkitPro/libctru/lib\libctru.a(romfs_dev.o)
 .text.romfs_fstat
                0x0000000000108ecc       0x7c C:/devkitPro/libctru/lib\libctru.a(romfs_dev.o)
 .text.romfs_read
                0x0000000000108f48       0xd4 C:/devkitPro/libctru/lib\libctru.a(romfs_dev.o)
 .text.romfsMountCommon
                0x000000000010901c      0x20c C:/devkitPro/libctru/lib\libctru.a(romfs_dev.o)
 .text.romfsMount
                0x0000000000109228      0x358 C:/devkitPro/libctru/lib\libctru.a(romfs_dev.o)
                0x0000000000109228                romfsMount
 .text.getSysTime
                0x0000000000109580       0x58 C:/devkitPro/libctru/lib\libctru.a(os.o)
 .text.osConvertVirtToPhys
                0x00000000001095d8       0x4c C:/devkitPro/libctru/lib\libctru.a(os.o)
                0x00000000001095d8                osConvertVirtToPhys
 .text.osGetMemRegionUsed
                0x0000000000109624       0x24 C:/devkitPro/libctru/lib\libctru.a(os.o)
                0x0000000000109624                osGetMemRegionUsed
 .text.__libctru_gtod
                0x0000000000109648      0x128 C:/devkitPro/libctru/lib\libctru.a(os.o)
                0x0000000000109648                __libctru_gtod
 .text.__ctru_speedup_config
                0x0000000000109770       0x34 C:/devkitPro/libctru/lib\libctru.a(os.o)
                0x0000000000109770                __ctru_speedup_config
 .text.fontEnsureMapped
                0x00000000001097a4       0x9c C:/devkitPro/libctru/lib\libctru.a(font.o)
                0x00000000001097a4                fontEnsureMapped
 .text.fontGlyphIndexFromCodePoint
                0x0000000000109840       0xfc C:/devkitPro/libctru/lib\libctru.a(font.o)
                0x0000000000109840                fontGlyphIndexFromCodePoint
 .text.fontGetCharWidthInfo
                0x000000000010993c       0x6c C:/devkitPro/libctru/lib\libctru.a(font.o)
                0x000000000010993c                fontGetCharWidthInfo
 .text.fontCalcGlyphPos
                0x00000000001099a8      0x1c0 C:/devkitPro/libctru/lib\libctru.a(font.o)
                0x00000000001099a8                fontCalcGlyphPos
 .text.gfxGxHwInit
                0x0000000000109b68      0x808 C:/devkitPro/libctru/lib\libctru.a(gfx.o)
 .text.gfxSetFramebufferInfo.part.0
                0x000000000010a370       0x84 C:/devkitPro/libctru/lib\libctru.a(gfx.o)
 .text.__get_bytes_per_pixel
                0x000000000010a3f4       0x18 C:/devkitPro/libctru/lib\libctru.a(gfx.o)
                0x000000000010a3f4                __get_bytes_per_pixel
 .text.gfxSetScreenFormat
                0x000000000010a40c      0x184 C:/devkitPro/libctru/lib\libctru.a(gfx.o)
                0x000000000010a40c                gfxSetScreenFormat
 .text.gfxInit  0x000000000010a590      0x274 C:/devkitPro/libctru/lib\libctru.a(gfx.o)
                0x000000000010a590                gfxInit
 .text.gfxInitDefault
                0x000000000010a804       0x10 C:/devkitPro/libctru/lib\libctru.a(gfx.o)
                0x000000000010a804                gfxInitDefault
 .text.gfxExit  0x000000000010a814       0xe0 C:/devkitPro/libctru/lib\libctru.a(gfx.o)
                0x000000000010a814                gfxExit
 .text.gfxGetFramebuffer
                0x000000000010a8f4       0xa8 C:/devkitPro/libctru/lib\libctru.a(gfx.o)
                0x000000000010a8f4                gfxGetFramebuffer
 .text.gfxConfigScreen
                0x000000000010a99c      0x16c C:/devkitPro/libctru/lib\libctru.a(gfx.o)
                0x000000000010a99c                gfxConfigScreen
 .text.mappableFindAddressWithin
                0x000000000010ab08       0x94 C:/devkitPro/libctru/lib\libctru.a(mappable.o)
 .text.mappableInit
                0x000000000010ab9c       0x28 C:/devkitPro/libctru/lib\libctru.a(mappable.o)
                0x000000000010ab9c                mappableInit
 .text.mappableAlloc
                0x000000000010abc4       0x80 C:/devkitPro/libctru/lib\libctru.a(mappable.o)
                0x000000000010abc4                mappableAlloc
 .text.mappableFree
                0x000000000010ac44        0x4 C:/devkitPro/libctru/lib\libctru.a(mappable.o)
                0x000000000010ac44                mappableFree
 .text.shaderInstanceInit
                0x000000000010ac48      0x1e0 C:/devkitPro/libctru/lib\libctru.a(shaderProgram.o)
                0x000000000010ac48                shaderInstanceInit
 .text.shaderInstanceGetUniformLocation
                0x000000000010ae28       0x18 C:/devkitPro/libctru/lib\libctru.a(shaderProgram.o)
                0x000000000010ae28                shaderInstanceGetUniformLocation
 .text.shaderProgramInit
                0x000000000010ae40       0x1c C:/devkitPro/libctru/lib\libctru.a(shaderProgram.o)
                0x000000000010ae40                shaderProgramInit
 .text.shaderProgramFree
                0x000000000010ae5c       0x64 C:/devkitPro/libctru/lib\libctru.a(shaderProgram.o)
                0x000000000010ae5c                shaderProgramFree
 .text.shaderProgramSetVsh
                0x000000000010aec0       0x80 C:/devkitPro/libctru/lib\libctru.a(shaderProgram.o)
                0x000000000010aec0                shaderProgramSetVsh
 .text.shaderProgramConfigure
                0x000000000010af40      0x8c0 C:/devkitPro/libctru/lib\libctru.a(shaderProgram.o)
                0x000000000010af40                shaderProgramConfigure
 .text.DVLE_GenerateOutmap.part.0
                0x000000000010b800      0x1f8 C:/devkitPro/libctru/lib\libctru.a(shbin.o)
 .text.DVLB_ParseFile
                0x000000000010b9f8      0x1cc C:/devkitPro/libctru/lib\libctru.a(shbin.o)
                0x000000000010b9f8                DVLB_ParseFile
 .text.DVLB_Free
                0x000000000010bbc4       0x38 C:/devkitPro/libctru/lib\libctru.a(shbin.o)
                0x000000000010bbc4                DVLB_Free
 .text.DVLE_GetUniformRegister
                0x000000000010bbfc       0x74 C:/devkitPro/libctru/lib\libctru.a(shbin.o)
                0x000000000010bbfc                DVLE_GetUniformRegister
 .text.GX_BindQueue
                0x000000000010bc70       0x10 C:/devkitPro/libctru/lib\libctru.a(gx.o)
                0x000000000010bc70                GX_BindQueue
 .text.GX_ProcessCommandList
                0x000000000010bc80       0x84 C:/devkitPro/libctru/lib\libctru.a(gx.o)
                0x000000000010bc80                GX_ProcessCommandList
 .text.GX_MemoryFill
                0x000000000010bd04       0x80 C:/devkitPro/libctru/lib\libctru.a(gx.o)
                0x000000000010bd04                GX_MemoryFill
 .text.GX_DisplayTransfer
                0x000000000010bd84       0x7c C:/devkitPro/libctru/lib\libctru.a(gx.o)
                0x000000000010bd84                GX_DisplayTransfer
 .text.GX_TextureCopy
                0x000000000010be00       0x80 C:/devkitPro/libctru/lib\libctru.a(gx.o)
                0x000000000010be00                GX_TextureCopy
 .text.gxCmdQueueDoCommands.part.0
                0x000000000010be80       0x74 C:/devkitPro/libctru/lib\libctru.a(gxqueue.o)
 .text.gxCmdQueueInterrupt
                0x000000000010bef4       0xc8 C:/devkitPro/libctru/lib\libctru.a(gxqueue.o)
                0x000000000010bef4                gxCmdQueueInterrupt
 .text.gxCmdQueueClear
                0x000000000010bfbc       0x4c C:/devkitPro/libctru/lib\libctru.a(gxqueue.o)
                0x000000000010bfbc                gxCmdQueueClear
 .text.gxCmdQueueAdd
                0x000000000010c008       0xf8 C:/devkitPro/libctru/lib\libctru.a(gxqueue.o)
                0x000000000010c008                gxCmdQueueAdd
 .text.gxCmdQueueRun
                0x000000000010c100       0x80 C:/devkitPro/libctru/lib\libctru.a(gxqueue.o)
                0x000000000010c100                gxCmdQueueRun
 .text.gxCmdQueueStop
                0x000000000010c180       0x60 C:/devkitPro/libctru/lib\libctru.a(gxqueue.o)
                0x000000000010c180                gxCmdQueueStop
 .text.gxCmdQueueWait
                0x000000000010c1e0       0x74 C:/devkitPro/libctru/lib\libctru.a(gxqueue.o)
                0x000000000010c1e0                gxCmdQueueWait
 .text.GPUCMD_Add
                0x000000000010c254      0x13c C:/devkitPro/libctru/lib\libctru.a(gpu.o)
                0x000000000010c254                GPUCMD_Add
 .text.GPUCMD_Split
                0x000000000010c390       0xac C:/devkitPro/libctru/lib\libctru.a(gpu.o)
                0x000000000010c390                GPUCMD_Split
 .text.f32tof16
                0x000000000010c43c       0x40 C:/devkitPro/libctru/lib\libctru.a(gpu.o)
                0x000000000010c43c                f32tof16
 .text.f32tof24
                0x000000000010c47c       0x40 C:/devkitPro/libctru/lib\libctru.a(gpu.o)
                0x000000000010c47c                f32tof24
 .text.f32tof31
                0x000000000010c4bc       0x44 C:/devkitPro/libctru/lib\libctru.a(gpu.o)
                0x000000000010c4bc                f32tof31
 .text.gspInit  0x000000000010c500       0x74 C:/devkitPro/libctru/lib\libctru.a(gspgpu.o)
                0x000000000010c500                gspInit
 .text.gspExit  0x000000000010c574       0x3c C:/devkitPro/libctru/lib\libctru.a(gspgpu.o)
                0x000000000010c574                gspExit
 .text.gspSetEventCallback
                0x000000000010c5b0       0x30 C:/devkitPro/libctru/lib\libctru.a(gspgpu.o)
                0x000000000010c5b0                gspSetEventCallback
 .text.gspInitEventHandler
                0x000000000010c5e0       0xa0 C:/devkitPro/libctru/lib\libctru.a(gspgpu.o)
                0x000000000010c5e0                gspInitEventHandler
 .text.gspExitEventHandler
                0x000000000010c680       0x40 C:/devkitPro/libctru/lib\libctru.a(gspgpu.o)
                0x000000000010c680                gspExitEventHandler
 .text.gspWaitForEvent
                0x000000000010c6c0       0x50 C:/devkitPro/libctru/lib\libctru.a(gspgpu.o)
                0x000000000010c6c0                gspWaitForEvent
 .text.gspWaitForAnyEvent
                0x000000000010c710       0x64 C:/devkitPro/libctru/lib\libctru.a(gspgpu.o)
                0x000000000010c710                gspWaitForAnyEvent
 *fill*         0x000000000010c774        0x4 
 .text.gspEventThreadMain
                0x000000000010c778      0x17c C:/devkitPro/libctru/lib\libctru.a(gspgpu.o)
 .text.gspSubmitGxCommand
                0x000000000010c8f4      0x114 C:/devkitPro/libctru/lib\libctru.a(gspgpu.o)
                0x000000000010c8f4                gspSubmitGxCommand
 .text.GSPGPU_WriteHWRegs
                0x000000000010ca08       0x68 C:/devkitPro/libctru/lib\libctru.a(gspgpu.o)
                0x000000000010ca08                GSPGPU_WriteHWRegs
 .text.GSPGPU_WriteHWRegsWithMask
                0x000000000010ca70       0x84 C:/devkitPro/libctru/lib\libctru.a(gspgpu.o)
                0x000000000010ca70                GSPGPU_WriteHWRegsWithMask
 .text.GSPGPU_SetBufferSwap
                0x000000000010caf4       0x70 C:/devkitPro/libctru/lib\libctru.a(gspgpu.o)
                0x000000000010caf4                GSPGPU_SetBufferSwap
 .text.GSPGPU_FlushDataCache
                0x000000000010cb64       0x50 C:/devkitPro/libctru/lib\libctru.a(gspgpu.o)
                0x000000000010cb64                GSPGPU_FlushDataCache
 .text.GSPGPU_SetLcdForceBlack
                0x000000000010cbb4       0x34 C:/devkitPro/libctru/lib\libctru.a(gspgpu.o)
                0x000000000010cbb4                GSPGPU_SetLcdForceBlack
 .text.GSPGPU_RegisterInterruptRelayQueue
                0x000000000010cbe8       0x64 C:/devkitPro/libctru/lib\libctru.a(gspgpu.o)
                0x000000000010cbe8                GSPGPU_RegisterInterruptRelayQueue
 .text.GSPGPU_UnregisterInterruptRelayQueue
                0x000000000010cc4c       0x2c C:/devkitPro/libctru/lib\libctru.a(gspgpu.o)
                0x000000000010cc4c                GSPGPU_UnregisterInterruptRelayQueue
 .text.GSPGPU_AcquireRight
                0x000000000010cc78       0x48 C:/devkitPro/libctru/lib\libctru.a(gspgpu.o)
                0x000000000010cc78                GSPGPU_AcquireRight
 .text.GSPGPU_ReleaseRight
                0x000000000010ccc0       0x2c C:/devkitPro/libctru/lib\libctru.a(gspgpu.o)
                0x000000000010ccc0                GSPGPU_ReleaseRight
 .text.GSPGPU_ImportDisplayCaptureInfo
                0x000000000010ccec       0x7c C:/devkitPro/libctru/lib\libctru.a(gspgpu.o)
                0x000000000010ccec                GSPGPU_ImportDisplayCaptureInfo
 .text.GSPGPU_SaveVramSysArea
                0x000000000010cd68       0x2c C:/devkitPro/libctru/lib\libctru.a(gspgpu.o)
                0x000000000010cd68                GSPGPU_SaveVramSysArea
 .text.GSPGPU_RestoreVramSysArea
                0x000000000010cd94       0x2c C:/devkitPro/libctru/lib\libctru.a(gspgpu.o)
                0x000000000010cd94                GSPGPU_RestoreVramSysArea
 .text.fsInit   0x000000000010cdc0       0xc8 C:/devkitPro/libctru/lib\libctru.a(fs.o)
                0x000000000010cdc0                fsInit
 .text.fsExit   0x000000000010ce88       0x3c C:/devkitPro/libctru/lib\libctru.a(fs.o)
                0x000000000010ce88                fsExit
 .text.fsExemptFromSession
                0x000000000010cec4       0x60 C:/devkitPro/libctru/lib\libctru.a(fs.o)
                0x000000000010cec4                fsExemptFromSession
 .text.fsUnexemptFromSession
                0x000000000010cf24       0x50 C:/devkitPro/libctru/lib\libctru.a(fs.o)
                0x000000000010cf24                fsUnexemptFromSession
 .text.FSUSER_OpenFile
                0x000000000010cf74       0xcc C:/devkitPro/libctru/lib\libctru.a(fs.o)
                0x000000000010cf74                FSUSER_OpenFile
 .text.FSUSER_OpenFileDirectly
                0x000000000010d040       0xd4 C:/devkitPro/libctru/lib\libctru.a(fs.o)
                0x000000000010d040                FSUSER_OpenFileDirectly
 .text.FSUSER_DeleteFile
                0x000000000010d114       0xbc C:/devkitPro/libctru/lib\libctru.a(fs.o)
                0x000000000010d114                FSUSER_DeleteFile
 .text.FSUSER_RenameFile
                0x000000000010d1d0       0xf8 C:/devkitPro/libctru/lib\libctru.a(fs.o)
                0x000000000010d1d0                FSUSER_RenameFile
 .text.FSUSER_DeleteDirectory
                0x000000000010d2c8       0xbc C:/devkitPro/libctru/lib\libctru.a(fs.o)
                0x000000000010d2c8                FSUSER_DeleteDirectory
 .text.FSUSER_CreateFile
                0x000000000010d384       0xd4 C:/devkitPro/libctru/lib\libctru.a(fs.o)
                0x000000000010d384                FSUSER_CreateFile
 .text.FSUSER_CreateDirectory
                0x000000000010d458       0xc4 C:/devkitPro/libctru/lib\libctru.a(fs.o)
                0x000000000010d458                FSUSER_CreateDirectory
 .text.FSUSER_RenameDirectory
                0x000000000010d51c       0xf8 C:/devkitPro/libctru/lib\libctru.a(fs.o)
                0x000000000010d51c                FSUSER_RenameDirectory
 .text.FSUSER_OpenDirectory
                0x000000000010d614       0xb4 C:/devkitPro/libctru/lib\libctru.a(fs.o)
                0x000000000010d614                FSUSER_OpenDirectory
 .text.FSUSER_OpenArchive
                0x000000000010d6c8       0x94 C:/devkitPro/libctru/lib\libctru.a(fs.o)
                0x000000000010d6c8                FSUSER_OpenArchive
 .text.FSUSER_ControlArchive
                0x000000000010d75c       0xb4 C:/devkitPro/libctru/lib\libctru.a(fs.o)
                0x000000000010d75c                FSUSER_ControlArchive
 .text.FSUSER_CloseArchive
                0x000000000010d810       0x8c C:/devkitPro/libctru/lib\libctru.a(fs.o)
                0x000000000010d810                FSUSER_CloseArchive
 .text.FSUSER_GetSdmcArchiveResource
                0x000000000010d89c       0x74 C:/devkitPro/libctru/lib\libctru.a(fs.o)
                0x000000000010d89c                FSUSER_GetSdmcArchiveResource
 .text.FSUSER_IsSdmcWritable
                0x000000000010d910       0x64 C:/devkitPro/libctru/lib\libctru.a(fs.o)
                0x000000000010d910                FSUSER_IsSdmcWritable
 .text.FSFILE_Read
                0x000000000010d974       0x58 C:/devkitPro/libctru/lib\libctru.a(fs.o)
                0x000000000010d974                FSFILE_Read
 .text.FSFILE_Write
                0x000000000010d9cc       0x60 C:/devkitPro/libctru/lib\libctru.a(fs.o)
                0x000000000010d9cc                FSFILE_Write
 .text.FSFILE_GetSize
                0x000000000010da2c       0x38 C:/devkitPro/libctru/lib\libctru.a(fs.o)
                0x000000000010da2c                FSFILE_GetSize
 .text.FSFILE_SetSize
                0x000000000010da64       0x28 C:/devkitPro/libctru/lib\libctru.a(fs.o)
                0x000000000010da64                FSFILE_SetSize
 .text.FSFILE_Close
                0x000000000010da8c       0x3c C:/devkitPro/libctru/lib\libctru.a(fs.o)
                0x000000000010da8c                FSFILE_Close
 .text.FSFILE_Flush
                0x000000000010dac8       0x24 C:/devkitPro/libctru/lib\libctru.a(fs.o)
                0x000000000010dac8                FSFILE_Flush
 .text.FSDIR_Read
                0x000000000010daec       0x50 C:/devkitPro/libctru/lib\libctru.a(fs.o)
                0x000000000010daec                FSDIR_Read
 .text.FSDIR_Close
                0x000000000010db3c       0x3c C:/devkitPro/libctru/lib\libctru.a(fs.o)
                0x000000000010db3c                FSDIR_Close
 .text._aptDebug
                0x000000000010db78        0x4 C:/devkitPro/libctru/lib\libctru.a(apt.o)
                0x000000000010db78                _aptDebug
 .text.aptSendCommand
                0x000000000010db7c      0x178 C:/devkitPro/libctru/lib\libctru.a(apt.o)
                0x000000000010db7c                aptSendCommand
 .text.aptEventHandler
                0x000000000010dcf4      0x1a8 C:/devkitPro/libctru/lib\libctru.a(apt.o)
 .text.aptClearParamQueue
                0x000000000010de9c       0xe8 C:/devkitPro/libctru/lib\libctru.a(apt.o)
 .text.aptHook  0x000000000010df84       0x30 C:/devkitPro/libctru/lib\libctru.a(apt.o)
                0x000000000010df84                aptHook
 .text.aptUnhook
                0x000000000010dfb4       0x30 C:/devkitPro/libctru/lib\libctru.a(apt.o)
                0x000000000010dfb4                aptUnhook
 .text.APT_SleepIfShellClosed
                0x000000000010dfe4       0x84 C:/devkitPro/libctru/lib\libctru.a(apt.o)
                0x000000000010dfe4                APT_SleepIfShellClosed
 .text.aptSetSleepAllowed
                0x000000000010e068       0x84 C:/devkitPro/libctru/lib\libctru.a(apt.o)
                0x000000000010e068                aptSetSleepAllowed
 .text.APT_UnlockTransition
                0x000000000010e0ec       0x84 C:/devkitPro/libctru/lib\libctru.a(apt.o)
                0x000000000010e0ec                APT_UnlockTransition
 .text.APT_ReceiveParameter
                0x000000000010e170       0xc8 C:/devkitPro/libctru/lib\libctru.a(apt.o)
                0x000000000010e170                APT_ReceiveParameter
 .text.aptReceiveParameter.constprop.0
                0x000000000010e238       0xbc C:/devkitPro/libctru/lib\libctru.a(apt.o)
 *fill*         0x000000000010e2f4        0x4 
 .text.aptScreenTransfer
                0x000000000010e2f8      0x1d8 C:/devkitPro/libctru/lib\libctru.a(apt.o)
 .text.aptWaitForWakeUp.isra.0
                0x000000000010e4d0      0x21c C:/devkitPro/libctru/lib\libctru.a(apt.o)
 .text.aptMainLoop
                0x000000000010e6ec      0x24c C:/devkitPro/libctru/lib\libctru.a(apt.o)
                0x000000000010e6ec                aptMainLoop
 .text.aptExit  0x000000000010e938      0x2b0 C:/devkitPro/libctru/lib\libctru.a(apt.o)
                0x000000000010e938                aptExit
 .text.aptInit  0x000000000010ebe8      0x2b4 C:/devkitPro/libctru/lib\libctru.a(apt.o)
                0x000000000010ebe8                aptInit
 .text.APT_CloseApplication
                0x000000000010ee9c       0x48 C:/devkitPro/libctru/lib\libctru.a(apt.o)
                0x000000000010ee9c                APT_CloseApplication
 .text.aptExitProcess
                0x000000000010eee4       0x18 C:/devkitPro/libctru/lib\libctru.a(apt.o)
 .text.APT_CheckNew3DS
                0x000000000010eefc       0x7c C:/devkitPro/libctru/lib\libctru.a(apt.o)
                0x000000000010eefc                APT_CheckNew3DS
 .text.APT_GetSharedFont
                0x000000000010ef78       0x48 C:/devkitPro/libctru/lib\libctru.a(apt.o)
                0x000000000010ef78                APT_GetSharedFont
 .text.hidShouldUseIrrst
                0x000000000010efc0       0x24 C:/devkitPro/libctru/lib\libctru.a(hid.o)
                0x000000000010efc0                hidShouldUseIrrst
 .text.hidInit  0x000000000010efe4      0x18c C:/devkitPro/libctru/lib\libctru.a(hid.o)
                0x000000000010efe4                hidInit
 .text.hidExit  0x000000000010f170       0xe8 C:/devkitPro/libctru/lib\libctru.a(hid.o)
                0x000000000010f170                hidExit
 .text.hidScanInput
                0x000000000010f258      0x294 C:/devkitPro/libctru/lib\libctru.a(hid.o)
                0x000000000010f258                hidScanInput
 .text.hidKeysHeld
                0x000000000010f4ec       0x10 C:/devkitPro/libctru/lib\libctru.a(hid.o)
                0x000000000010f4ec                hidKeysHeld
 .text.hidKeysDown
                0x000000000010f4fc       0x10 C:/devkitPro/libctru/lib\libctru.a(hid.o)
                0x000000000010f4fc                hidKeysDown
 .text.hidTouchRead
                0x000000000010f50c       0x18 C:/devkitPro/libctru/lib\libctru.a(hid.o)
                0x000000000010f50c                hidTouchRead
 .text.hidCircleRead
                0x000000000010f524       0x18 C:/devkitPro/libctru/lib\libctru.a(hid.o)
                0x000000000010f524                hidCircleRead
 .text.ptmSysmInit
                0x000000000010f53c       0x74 C:/devkitPro/libctru/lib\libctru.a(ptmsysm.o)
                0x000000000010f53c                ptmSysmInit
 .text.ptmSysmExit
                0x000000000010f5b0       0x3c C:/devkitPro/libctru/lib\libctru.a(ptmsysm.o)
                0x000000000010f5b0                ptmSysmExit
 .text.PTMSYSM_ConfigureNew3DSCPU
                0x000000000010f5ec       0x34 C:/devkitPro/libctru/lib\libctru.a(ptmsysm.o)
                0x000000000010f5ec                PTMSYSM_ConfigureNew3DSCPU
 .text.buffer_read
                0x000000000010f620       0xcc C:/devkitPro/libctru/lib\libctru.a(decompress.o)
 .text.iov_read
                0x000000000010f6ec       0xd8 C:/devkitPro/libctru/lib\libctru.a(decompress.o)
 .text.iov_memmove
                0x000000000010f7c4      0x120 C:/devkitPro/libctru/lib\libctru.a(decompress.o)
 .text.decompress_rle
                0x000000000010f8e4      0x1c8 C:/devkitPro/libctru/lib\libctru.a(decompress.o)
 .text.decompress_lzss
                0x000000000010faac      0x258 C:/devkitPro/libctru/lib\libctru.a(decompress.o)
 .text.decompress_huff.part.0
                0x000000000010fd04      0x2ec C:/devkitPro/libctru/lib\libctru.a(decompress.o)
 .text.decompress_lz11
                0x000000000010fff0      0x440 C:/devkitPro/libctru/lib\libctru.a(decompress.o)
 .text.decompressCallback_Stdio
                0x0000000000110430       0x10 C:/devkitPro/libctru/lib\libctru.a(decompress.o)
                0x0000000000110430                decompressCallback_Stdio
 .text.decompressHeader
                0x0000000000110440       0xe4 C:/devkitPro/libctru/lib\libctru.a(decompress.o)
                0x0000000000110440                decompressHeader
 .text.decompressV
                0x0000000000110524      0x250 C:/devkitPro/libctru/lib\libctru.a(decompress.o)
                0x0000000000110524                decompressV
 .text.rbtree_init
                0x0000000000110774       0x10 C:/devkitPro/libctru/lib\libctru.a(rbtree_init.o)
                0x0000000000110774                rbtree_init
 .text.do_insert
                0x0000000000110784      0x1a0 C:/devkitPro/libctru/lib\libctru.a(rbtree_insert.o)
 .text.rbtree_insert
                0x0000000000110924        0x8 C:/devkitPro/libctru/lib\libctru.a(rbtree_insert.o)
                0x0000000000110924                rbtree_insert
 .text.rbtree_rotate
                0x000000000011092c       0x90 C:/devkitPro/libctru/lib\libctru.a(rbtree_rotate.o)
                0x000000000011092c                rbtree_rotate
 .text.rbtree_remove
                0x00000000001109bc      0x338 C:/devkitPro/libctru/lib\libctru.a(rbtree_remove.o)
                0x00000000001109bc                rbtree_remove
 .text.rbtree_find
                0x0000000000110cf4       0x74 C:/devkitPro/libctru/lib\libctru.a(rbtree_find.o)
                0x0000000000110cf4                rbtree_find
 .text.utf8_to_utf16
                0x0000000000110d68       0xc0 C:/devkitPro/libctru/lib\libctru.a(utf8_to_utf16.o)
                0x0000000000110d68                utf8_to_utf16
 .text.decode_utf8
                0x0000000000110e28      0x13c C:/devkitPro/libctru/lib\libctru.a(decode_utf8.o)
                0x0000000000110e28                decode_utf8
 .text.utf16_to_utf8
                0x0000000000110f64       0xe8 C:/devkitPro/libctru/lib\libctru.a(utf16_to_utf8.o)
                0x0000000000110f64                utf16_to_utf8
 .text.__libctru_init
                0x000000000011104c       0x38 C:/devkitPro/libctru/lib\libctru.a(initSystem.o)
                0x000000000011104c                __libctru_init
 .text.__libctru_nanosleep
                0x0000000000111084       0x30 C:/devkitPro/libctru/lib\libctru.a(syscalls.o)
 .text.__ctru_get_reent
                0x00000000001110b4       0x30 C:/devkitPro/libctru/lib\libctru.a(syscalls.o)
 .text.__system_initSyscalls
                0x00000000001110e4       0xf8 C:/devkitPro/libctru/lib\libctru.a(syscalls.o)
                0x00000000001110e4                __system_initSyscalls
 .text.__system_allocateHeaps
                0x00000000001111dc      0x134 C:/devkitPro/libctru/lib\libctru.a(allocateHeaps.o)
                0x00000000001111dc                __system_allocateHeaps
 .text.__system_initArgv
                0x0000000000111310       0xf0 C:/devkitPro/libctru/lib\libctru.a(initArgv.o)
                0x0000000000111310                __system_initArgv
 .text.svcControlMemory
                0x0000000000111400       0x20 C:/devkitPro/libctru/lib\libctru.a(svc.o)
                0x0000000000111400                svcControlMemory
 .text.svcQueryMemory
                0x0000000000111420       0x30 C:/devkitPro/libctru/lib\libctru.a(svc.o)
                0x0000000000111420                svcQueryMemory
 .text.svcExitProcess
                0x0000000000111450        0x8 C:/devkitPro/libctru/lib\libctru.a(svc.o)
                0x0000000000111450                svcExitProcess
 .text.svcCreateThread
                0x0000000000111458       0x20 C:/devkitPro/libctru/lib\libctru.a(svc.o)
                0x0000000000111458                svcCreateThread
 .text.svcExitThread
                0x0000000000111478        0x8 C:/devkitPro/libctru/lib\libctru.a(svc.o)
                0x0000000000111478                svcExitThread
 .text.svcSleepThread
                0x0000000000111480        0x8 C:/devkitPro/libctru/lib\libctru.a(svc.o)
                0x0000000000111480                svcSleepThread
 .text.svcReleaseMutex
                0x0000000000111488        0x8 C:/devkitPro/libctru/lib\libctru.a(svc.o)
                0x0000000000111488                svcReleaseMutex
 .text.svcCreateEvent
                0x0000000000111490       0x14 C:/devkitPro/libctru/lib\libctru.a(svc.o)
                0x0000000000111490                svcCreateEvent
 .text.svcSignalEvent
                0x00000000001114a4        0x8 C:/devkitPro/libctru/lib\libctru.a(svc.o)
                0x00000000001114a4                svcSignalEvent
 .text.svcClearEvent
                0x00000000001114ac        0x8 C:/devkitPro/libctru/lib\libctru.a(svc.o)
                0x00000000001114ac                svcClearEvent
 .text.svcMapMemoryBlock
                0x00000000001114b4        0x8 C:/devkitPro/libctru/lib\libctru.a(svc.o)
                0x00000000001114b4                svcMapMemoryBlock
 .text.svcUnmapMemoryBlock
                0x00000000001114bc        0x8 C:/devkitPro/libctru/lib\libctru.a(svc.o)
                0x00000000001114bc                svcUnmapMemoryBlock
 .text.svcCreateAddressArbiter
                0x00000000001114c4       0x14 C:/devkitPro/libctru/lib\libctru.a(svc.o)
                0x00000000001114c4                svcCreateAddressArbiter
 .text.svcArbitrateAddress
                0x00000000001114d8       0x18 C:/devkitPro/libctru/lib\libctru.a(svc.o)
                0x00000000001114d8                svcArbitrateAddress
 .text.svcCloseHandle
                0x00000000001114f0        0x8 C:/devkitPro/libctru/lib\libctru.a(svc.o)
                0x00000000001114f0                svcCloseHandle
 .text.svcWaitSynchronization
                0x00000000001114f8        0x8 C:/devkitPro/libctru/lib\libctru.a(svc.o)
                0x00000000001114f8                svcWaitSynchronization
 .text.svcWaitSynchronizationN
                0x0000000000111500       0x28 C:/devkitPro/libctru/lib\libctru.a(svc.o)
                0x0000000000111500                svcWaitSynchronizationN
 .text.svcDuplicateHandle
                0x0000000000111528       0x14 C:/devkitPro/libctru/lib\libctru.a(svc.o)
                0x0000000000111528                svcDuplicateHandle
 .text.svcGetSystemTick
                0x000000000011153c        0x8 C:/devkitPro/libctru/lib\libctru.a(svc.o)
                0x000000000011153c                svcGetSystemTick
 .text.svcGetSystemInfo
                0x0000000000111544       0x18 C:/devkitPro/libctru/lib\libctru.a(svc.o)
                0x0000000000111544                svcGetSystemInfo
 .text.svcConnectToPort
                0x000000000011155c       0x14 C:/devkitPro/libctru/lib\libctru.a(svc.o)
                0x000000000011155c                svcConnectToPort
 .text.svcSendSyncRequest
                0x0000000000111570        0x8 C:/devkitPro/libctru/lib\libctru.a(svc.o)
                0x0000000000111570                svcSendSyncRequest
 .text.svcBreak
                0x0000000000111578        0x8 C:/devkitPro/libctru/lib\libctru.a(svc.o)
                0x0000000000111578                svcBreak
 .text.initSystem
                0x0000000000111580       0x50 C:/devkitPro/libctru/lib\libctru.a(stack_adjust.o)
                0x0000000000111580                initSystem
 .text.__ctru_exit
                0x00000000001115d0       0x18 C:/devkitPro/libctru/lib\libctru.a(stack_adjust.o)
                0x00000000001115d0                __ctru_exit
 .text.__sync_init
                0x00000000001115e8        0xc C:/devkitPro/libctru/lib\libctru.a(synchronization.o)
                0x00000000001115e8                __sync_init
 .text.__sync_fini
                0x00000000001115f4       0x18 C:/devkitPro/libctru/lib\libctru.a(synchronization.o)
                0x00000000001115f4                __sync_fini
 .text.__sync_get_arbiter
                0x000000000011160c       0x10 C:/devkitPro/libctru/lib\libctru.a(synchronization.o)
                0x000000000011160c                __sync_get_arbiter
 .text.LightLock_Init
                0x000000000011161c       0x1c C:/devkitPro/libctru/lib\libctru.a(synchronization.o)
                0x000000000011161c                LightLock_Init
 .text.LightLock_Lock
                0x0000000000111638       0x90 C:/devkitPro/libctru/lib\libctru.a(synchronization.o)
                0x0000000000111638                LightLock_Lock
 .text.LightLock_TryLock
                0x00000000001116c8       0x34 C:/devkitPro/libctru/lib\libctru.a(synchronization.o)
                0x00000000001116c8                LightLock_TryLock
 *fill*         0x00000000001116fc        0x4 
 .text.LightLock_Unlock
                0x0000000000111700       0x5c C:/devkitPro/libctru/lib\libctru.a(synchronization.o)
                0x0000000000111700                LightLock_Unlock
 .text.RecursiveLock_Init
                0x000000000011175c       0x24 C:/devkitPro/libctru/lib\libctru.a(synchronization.o)
                0x000000000011175c                RecursiveLock_Init
 .text.RecursiveLock_Lock
                0x0000000000111780       0x30 C:/devkitPro/libctru/lib\libctru.a(synchronization.o)
                0x0000000000111780                RecursiveLock_Lock
 .text.RecursiveLock_TryLock
                0x00000000001117b0       0x5c C:/devkitPro/libctru/lib\libctru.a(synchronization.o)
                0x00000000001117b0                RecursiveLock_TryLock
 *fill*         0x000000000011180c        0x4 
 .text.RecursiveLock_Unlock
                0x0000000000111810       0x74 C:/devkitPro/libctru/lib\libctru.a(synchronization.o)
                0x0000000000111810                RecursiveLock_Unlock
 .text.LightEvent_Init
                0x0000000000111884       0x40 C:/devkitPro/libctru/lib\libctru.a(synchronization.o)
                0x0000000000111884                LightEvent_Init
 *fill*         0x00000000001118c4        0x4 
 .text.LightEvent_Clear
                0x00000000001118c8       0xb4 C:/devkitPro/libctru/lib\libctru.a(synchronization.o)
                0x00000000001118c8                LightEvent_Clear
 *fill*         0x000000000011197c        0x4 
 .text.LightEvent_Signal
                0x0000000000111980       0xec C:/devkitPro/libctru/lib\libctru.a(synchronization.o)
                0x0000000000111980                LightEvent_Signal
 *fill*         0x0000000000111a6c        0x4 
 .text.LightEvent_Wait
                0x0000000000111a70       0xc4 C:/devkitPro/libctru/lib\libctru.a(synchronization.o)
                0x0000000000111a70                LightEvent_Wait
 .text.envGetHandle
                0x0000000000111b34       0x84 C:/devkitPro/libctru/lib\libctru.a(env.o)
                0x0000000000111b34                envGetHandle
 .text.envDestroyHandles
                0x0000000000111bb8       0x50 C:/devkitPro/libctru/lib\libctru.a(env.o)
                0x0000000000111bb8                envDestroyHandles
 .text.srvInit  0x0000000000111c08      0x12c C:/devkitPro/libctru/lib\libctru.a(srv.o)
                0x0000000000111c08                srvInit
 .text.srvExit  0x0000000000111d34       0x58 C:/devkitPro/libctru/lib\libctru.a(srv.o)
                0x0000000000111d34                srvExit
 .text.srvGetServiceHandleDirect
                0x0000000000111d8c       0x80 C:/devkitPro/libctru/lib\libctru.a(srv.o)
                0x0000000000111d8c                srvGetServiceHandleDirect
 .text.srvGetServiceHandle
                0x0000000000111e0c       0x48 C:/devkitPro/libctru/lib\libctru.a(srv.o)
                0x0000000000111e0c                srvGetServiceHandle
 .text.srvPublishToSubscriber
                0x0000000000111e54       0x38 C:/devkitPro/libctru/lib\libctru.a(srv.o)
                0x0000000000111e54                srvPublishToSubscriber
 .text.threadCreate
                0x0000000000111e8c      0x188 C:/devkitPro/libctru/lib\libctru.a(thread.o)
                0x0000000000111e8c                threadCreate
 .text.threadFree
                0x0000000000112014       0x2c C:/devkitPro/libctru/lib\libctru.a(thread.o)
                0x0000000000112014                threadFree
 .text.threadJoin
                0x0000000000112040       0x24 C:/devkitPro/libctru/lib\libctru.a(thread.o)
                0x0000000000112040                threadJoin
 .text.threadGetCurrent
                0x0000000000112064       0x30 C:/devkitPro/libctru/lib\libctru.a(thread.o)
                0x0000000000112064                threadGetCurrent
 .text.threadExit
                0x0000000000112094       0x40 C:/devkitPro/libctru/lib\libctru.a(thread.o)
                0x0000000000112094                threadExit
 .text._thread_begin
                0x00000000001120d4       0x44 C:/devkitPro/libctru/lib\libctru.a(thread.o)
 .text.irrstInit
                0x0000000000112118      0x160 C:/devkitPro/libctru/lib\libctru.a(irrst.o)
                0x0000000000112118                irrstInit
 .text.irrstExit
                0x0000000000112278       0xcc C:/devkitPro/libctru/lib\libctru.a(irrst.o)
                0x0000000000112278                irrstExit
 .text.irrstScanInput
                0x0000000000112344       0xb0 C:/devkitPro/libctru/lib\libctru.a(irrst.o)
                0x0000000000112344                irrstScanInput
 .text.irrstKeysHeld
                0x00000000001123f4       0x24 C:/devkitPro/libctru/lib\libctru.a(irrst.o)
                0x00000000001123f4                irrstKeysHeld
 .text.srvPmGetSessionHandle
                0x0000000000112418        0xc C:/devkitPro/libctru/lib\libctru.a(srvpm.o)
                0x0000000000112418                srvPmGetSessionHandle
 .text.rbtree_node_next
                0x0000000000112424       0x50 C:/devkitPro/libctru/lib\libctru.a(rbtree_iterator.o)
                0x0000000000112424                rbtree_node_next
 .text.encode_utf16
                0x0000000000112474       0x60 C:/devkitPro/libctru/lib\libctru.a(encode_utf16.o)
                0x0000000000112474                encode_utf16
 .text.encode_utf8
                0x00000000001124d4       0xfc C:/devkitPro/libctru/lib\libctru.a(encode_utf8.o)
                0x00000000001124d4                encode_utf8
 .text.decode_utf16
                0x00000000001125d0       0x64 C:/devkitPro/libctru/lib\libctru.a(decode_utf16.o)
                0x00000000001125d0                decode_utf16
 .text.__appInit
                0x0000000000112634       0x1c C:/devkitPro/libctru/lib\libctru.a(appInit.o)
                0x0000000000112634                __appInit
 .text.__appExit
                0x0000000000112650       0x1c C:/devkitPro/libctru/lib\libctru.a(appExit.o)
                0x0000000000112650                __appExit
 .text.__libctru_exit
                0x000000000011266c       0xa0 C:/devkitPro/libctru/lib\libctru.a(ctru_exit.o)
                0x000000000011266c                __libctru_exit
 .text.archive_link
                0x000000000011270c       0x14 C:/devkitPro/libctru/lib\libctru.a(archive_dev.o)
 .text.archive_dirreset
                0x0000000000112720       0x14 C:/devkitPro/libctru/lib\libctru.a(archive_dev.o)
 .text.archive_chmod
                0x0000000000112734       0x14 C:/devkitPro/libctru/lib\libctru.a(archive_dev.o)
 .text.error_cmp
                0x0000000000112748       0x24 C:/devkitPro/libctru/lib\libctru.a(archive_dev.o)
 .text.archive_translate_error
                0x000000000011276c       0x50 C:/devkitPro/libctru/lib\libctru.a(archive_dev.o)
 .text.archive_seek
                0x00000000001127bc       0xd4 C:/devkitPro/libctru/lib\libctru.a(archive_dev.o)
 .text._archiveInit.part.0
                0x0000000000112890       0x7c C:/devkitPro/libctru/lib\libctru.a(archive_dev.o)
 .text.archiveFindDevice.part.0
                0x000000000011290c       0x8c C:/devkitPro/libctru/lib\libctru.a(archive_dev.o)
 .text.archive_utf16path
                0x0000000000112998      0x230 C:/devkitPro/libctru/lib\libctru.a(archive_dev.o)
 .text._archiveUnmountDeviceStruct.part.0
                0x0000000000112bc8       0xa0 C:/devkitPro/libctru/lib\libctru.a(archive_dev.o)
 .text.archive_fchmod
                0x0000000000112c68       0x14 C:/devkitPro/libctru/lib\libctru.a(archive_dev.o)
 .text.archive_statvfs
                0x0000000000112c7c       0x14 C:/devkitPro/libctru/lib\libctru.a(archive_dev.o)
 .text._archiveMountDevice
                0x0000000000112c90      0x15c C:/devkitPro/libctru/lib\libctru.a(archive_dev.o)
 .text.archive_diropen
                0x0000000000112dec       0xe8 C:/devkitPro/libctru/lib\libctru.a(archive_dev.o)
 .text.archive_fstat
                0x0000000000112ed4       0xa4 C:/devkitPro/libctru/lib\libctru.a(archive_dev.o)
 .text.archive_close
                0x0000000000112f78       0x6c C:/devkitPro/libctru/lib\libctru.a(archive_dev.o)
 .text.archive_fsync
                0x0000000000112fe4       0x6c C:/devkitPro/libctru/lib\libctru.a(archive_dev.o)
 .text.archive_dirclose
                0x0000000000113050       0x70 C:/devkitPro/libctru/lib\libctru.a(archive_dev.o)
 .text.sdmc_statvfs
                0x00000000001130c0       0xe8 C:/devkitPro/libctru/lib\libctru.a(archive_dev.o)
 .text.archive_ftruncate
                0x00000000001131a8       0x80 C:/devkitPro/libctru/lib\libctru.a(archive_dev.o)
 .text.archive_chdir
                0x0000000000113228       0xf8 C:/devkitPro/libctru/lib\libctru.a(archive_dev.o)
 .text.archive_read
                0x0000000000113320       0xb0 C:/devkitPro/libctru/lib\libctru.a(archive_dev.o)
 .text.archive_unlink
                0x00000000001133d0       0xac C:/devkitPro/libctru/lib\libctru.a(archive_dev.o)
 .text.archive_rmdir
                0x000000000011347c       0xc8 C:/devkitPro/libctru/lib\libctru.a(archive_dev.o)
 .text.archive_mkdir
                0x0000000000113544       0xec C:/devkitPro/libctru/lib\libctru.a(archive_dev.o)
 .text.archive_stat
                0x0000000000113630      0x1a8 C:/devkitPro/libctru/lib\libctru.a(archive_dev.o)
 .text.archive_rename
                0x00000000001137d8      0x190 C:/devkitPro/libctru/lib\libctru.a(archive_dev.o)
 .text.archive_dirnext
                0x0000000000113968      0x168 C:/devkitPro/libctru/lib\libctru.a(archive_dev.o)
 .text.archive_write
                0x0000000000113ad0      0x12c C:/devkitPro/libctru/lib\libctru.a(archive_dev.o)
 .text.archive_open
                0x0000000000113bfc      0x1f0 C:/devkitPro/libctru/lib\libctru.a(archive_dev.o)
 .text.archiveMountSdmc
                0x0000000000113dec      0x168 C:/devkitPro/libctru/lib\libctru.a(archive_dev.o)
                0x0000000000113dec                archiveMountSdmc
 .text.archiveUnmountAll
                0x0000000000113f54       0x54 C:/devkitPro/libctru/lib\libctru.a(archive_dev.o)
                0x0000000000113f54                archiveUnmountAll
 .text.__aeabi_read_tp
                0x0000000000113fa8        0xc C:/devkitPro/libctru/lib\libctru.a(readtp.o)
                0x0000000000113fa8                __aeabi_read_tp
 .text._ZdlPv   0x0000000000113fb4        0x4 c:/devkitpro/devkitarm/bin/../lib/gcc/arm-none-eabi/10.1.0/../../../../arm-none-eabi/lib/armv6k/fpu\libstdc++.a(del_op.o)
                0x0000000000113fb4                operator delete(void*)
 .text._Znwj    0x0000000000113fb8       0x5c c:/devkitpro/devkitarm/bin/../lib/gcc/arm-none-eabi/10.1.0/../../../../arm-none-eabi/lib/armv6k/fpu\libstdc++.a(new_op.o)
                0x0000000000113fb8                operator new(unsigned int)
 .text.unlikely._ZSt17__throw_bad_allocv
                0x0000000000114014       0x2c c:/devkitpro/devkitarm/bin/../lib/gcc/arm-none-eabi/10.1.0/../../../../arm-none-eabi/lib/armv6k/fpu\libstdc++.a(functexcept.o)
                0x0000000000114014                std::__throw_bad_alloc()
 .text.unlikely._ZSt19__throw_logic_errorPKc
                0x0000000000114040       0x48 c:/devkitpro/devkitarm/bin/../lib/gcc/arm-none-eabi/10.1.0/../../../../arm-none-eabi/lib/armv6k/fpu\libstdc++.a(functexcept.o)
                0x0000000000114040                std::__throw_logic_error(char const*)
 .text.unlikely._ZSt20__throw_length_errorPKc
                0x0000000000114088       0x48 c:/devkitpro/devkitarm/bin/../lib/gcc/arm-none-eabi/10.1.0/../../../../arm-none-eabi/lib/armv6k/fpu\libstdc++.a(functexcept.o)
                0x0000000000114088                std::__throw_length_error(char const*)
 .text._ZNSt7__cxx1112basic_stringIcSt11char_traitsIcESaIcEE9_M_createERjj
                0x00000000001140d0       0x58 c:/devkitpro/devkitarm/bin/../lib/gcc/arm-none-eabi/10.1.0/../../../../arm-none-eabi/lib/armv6k/fpu\libstdc++.a(string-inst.o)
                0x00000000001140d0                std::__cxx11::basic_string<char, std::char_traits<char>, std::allocator<char> >::_M_create(unsigned int&, unsigned int)
 .text._ZNSt7__cxx1112basic_stringIcSt11char_traitsIcESaIcEE12_M_constructEjc
                0x0000000000114128       0x84 c:/devkitpro/devkitarm/bin/../lib/gcc/arm-none-eabi/10.1.0/../../../../arm-none-eabi/lib/armv6k/fpu\libstdc++.a(string-inst.o)
                0x0000000000114128                std::__cxx11::basic_string<char, std::char_traits<char>, std::allocator<char> >::_M_construct(unsigned int, char)
 .text._ZNKSt9bad_alloc4whatEv
                0x00000000001141ac        0xc c:/devkitpro/devkitarm/bin/../lib/gcc/arm-none-eabi/10.1.0/../../../../arm-none-eabi/lib/armv6k/fpu\libstdc++.a(bad_alloc.o)
                0x00000000001141ac                std::bad_alloc::what() const
 .text._ZNSt9bad_allocD2Ev
                0x00000000001141b8       0x20 c:/devkitpro/devkitarm/bin/../lib/gcc/arm-none-eabi/10.1.0/../../../../arm-none-eabi/lib/armv6k/fpu\libstdc++.a(bad_alloc.o)
                0x00000000001141b8                std::bad_alloc::~bad_alloc()
                0x00000000001141b8                std::bad_alloc::~bad_alloc()
 .text._ZNSt9bad_allocD0Ev
                0x00000000001141d8       0x2c c:/devkitpro/devkitarm/bin/../lib/gcc/arm-none-eabi/10.1.0/../../../../arm-none-eabi/lib/armv6k/fpu\libstdc++.a(bad_alloc.o)
                0x00000000001141d8                std::bad_alloc::~bad_alloc()
 .text._ZdlPvj  0x0000000000114204        0x4 c:/devkitpro/devkitarm/bin/../lib/gcc/arm-none-eabi/10.1.0/../../../../arm-none-eabi/lib/armv6k/fpu\libstdc++.a(del_ops.o)
                0x0000000000114204                operator delete(void*, unsigned int)
 .text._ZN12_GLOBAL__N_14pool4freeEPv.constprop.0
                0x0000000000114208       0xd0 c:/devkitpro/devkitarm/bin/../lib/gcc/arm-none-eabi/10.1.0/../../../../arm-none-eabi/lib/armv6k/fpu\libstdc++.a(eh_alloc.o)
 .text._ZN12_GLOBAL__N_14pool8allocateEj.constprop.0
                0x00000000001142d8       0x9c c:/devkitpro/devkitarm/bin/../lib/gcc/arm-none-eabi/10.1.0/../../../../arm-none-eabi/lib/armv6k/fpu\libstdc++.a(eh_alloc.o)
 .text.__cxa_allocate_exception
                0x0000000000114374       0x44 c:/devkitpro/devkitarm/bin/../lib/gcc/arm-none-eabi/10.1.0/../../../../arm-none-eabi/lib/armv6k/fpu\libstdc++.a(eh_alloc.o)
                0x0000000000114374                __cxa_allocate_exception
 .text.__cxa_free_exception
                0x00000000001143b8       0x30 c:/devkitpro/devkitarm/bin/../lib/gcc/arm-none-eabi/10.1.0/../../../../arm-none-eabi/lib/armv6k/fpu\libstdc++.a(eh_alloc.o)
                0x00000000001143b8                __cxa_free_exception
 .text.startup._GLOBAL__sub_I__ZN9__gnu_cxx9__freeresEv
                0x00000000001143e8       0x40 c:/devkitpro/devkitarm/bin/../lib/gcc/arm-none-eabi/10.1.0/../../../../arm-none-eabi/lib/armv6k/fpu\libstdc++.a(eh_alloc.o)
 .text.__cxa_end_cleanup
                0x0000000000114428       0x10 c:/devkitpro/devkitarm/bin/../lib/gcc/arm-none-eabi/10.1.0/../../../../arm-none-eabi/lib/armv6k/fpu\libstdc++.a(eh_arm.o)
                0x0000000000114428                __cxa_end_cleanup
 .text.__cxa_type_match
                0x0000000000114438      0x138 c:/devkitpro/devkitarm/bin/../lib/gcc/arm-none-eabi/10.1.0/../../../../arm-none-eabi/lib/armv6k/fpu\libstdc++.a(eh_arm.o)
                0x0000000000114438                __cxa_type_match
 .text.__cxa_begin_cleanup
                0x0000000000114570       0xb4 c:/devkitpro/devkitarm/bin/../lib/gcc/arm-none-eabi/10.1.0/../../../../arm-none-eabi/lib/armv6k/fpu\libstdc++.a(eh_arm.o)
                0x0000000000114570                __cxa_begin_cleanup
 .text.__gnu_end_cleanup
                0x0000000000114624       0xb4 c:/devkitpro/devkitarm/bin/../lib/gcc/arm-none-eabi/10.1.0/../../../../arm-none-eabi/lib/armv6k/fpu\libstdc++.a(eh_arm.o)
                0x0000000000114624                __gnu_end_cleanup
 .text.__cxa_begin_catch
                0x00000000001146d8       0xcc c:/devkitpro/devkitarm/bin/../lib/gcc/arm-none-eabi/10.1.0/../../../../arm-none-eabi/lib/armv6k/fpu\libstdc++.a(eh_catch.o)
                0x00000000001146d8                __cxa_begin_catch
 .text.__cxa_end_catch
                0x00000000001147a4       0xe0 c:/devkitpro/devkitarm/bin/../lib/gcc/arm-none-eabi/10.1.0/../../../../arm-none-eabi/lib/armv6k/fpu\libstdc++.a(eh_catch.o)
                0x00000000001147a4                __cxa_end_catch
 .text._ZNSt9exceptionD2Ev
                0x0000000000114884        0x4 c:/devkitpro/devkitarm/bin/../lib/gcc/arm-none-eabi/10.1.0/../../../../arm-none-eabi/lib/armv6k/fpu\libstdc++.a(eh_exception.o)
                0x0000000000114884                std::exception::~exception()
                0x0000000000114884                std::exception::~exception()
 .text._ZNSt13bad_exceptionD2Ev
                0x0000000000114888        0x4 c:/devkitpro/devkitarm/bin/../lib/gcc/arm-none-eabi/10.1.0/../../../../arm-none-eabi/lib/armv6k/fpu\libstdc++.a(eh_exception.o)
                0x0000000000114888                std::bad_exception::~bad_exception()
                0x0000000000114888                std::bad_exception::~bad_exception()
 .text._ZNKSt13bad_exception4whatEv
                0x000000000011488c        0xc c:/devkitpro/devkitarm/bin/../lib/gcc/arm-none-eabi/10.1.0/../../../../arm-none-eabi/lib/armv6k/fpu\libstdc++.a(eh_exception.o)
                0x000000000011488c                std::bad_exception::what() const
                0x000000000011488c                transaction clone for std::bad_exception::what() const
 .text._ZNSt13bad_exceptionD0Ev
                0x0000000000114898       0x18 c:/devkitpro/devkitarm/bin/../lib/gcc/arm-none-eabi/10.1.0/../../../../arm-none-eabi/lib/armv6k/fpu\libstdc++.a(eh_exception.o)
                0x0000000000114898                std::bad_exception::~bad_exception()
 .text.__cxa_get_globals_fast
                0x00000000001148b0        0xc c:/devkitpro/devkitarm/bin/../lib/gcc/arm-none-eabi/10.1.0/../../../../arm-none-eabi/lib/armv6k/fpu\libstdc++.a(eh_globals.o)
                0x00000000001148b0                __cxa_get_globals_fast
 .text.__cxa_get_globals
                0x00000000001148bc        0xc c:/devkitpro/devkitarm/bin/../lib/gcc/arm-none-eabi/10.1.0/../../../../arm-none-eabi/lib/armv6k/fpu\libstdc++.a(eh_globals.o)
                0x00000000001148bc                __cxa_get_globals
 .text._ZL28read_encoded_value_with_basehjPKhPj
                0x00000000001148c8      0x168 c:/devkitpro/devkitarm/bin/../lib/gcc/arm-none-eabi/10.1.0/../../../../arm-none-eabi/lib/armv6k/fpu\libstdc++.a(eh_personality.o)
 .text._ZL21base_of_encoded_valuehP15_Unwind_Context
                0x0000000000114a30       0x64 c:/devkitpro/devkitarm/bin/../lib/gcc/arm-none-eabi/10.1.0/../../../../arm-none-eabi/lib/armv6k/fpu\libstdc++.a(eh_personality.o)
 .text._ZL17parse_lsda_headerP15_Unwind_ContextPKhP16lsda_header_info
                0x0000000000114a94       0xd8 c:/devkitpro/devkitarm/bin/../lib/gcc/arm-none-eabi/10.1.0/../../../../arm-none-eabi/lib/armv6k/fpu\libstdc++.a(eh_personality.o)
 .text.__gxx_personality_v0
                0x0000000000114b6c      0x6f8 c:/devkitpro/devkitarm/bin/../lib/gcc/arm-none-eabi/10.1.0/../../../../arm-none-eabi/lib/armv6k/fpu\libstdc++.a(eh_personality.o)
                0x0000000000114b6c                __gxx_personality_v0
 .text._ZN10__cxxabiv111__terminateEPFvvE
                0x0000000000115264       0x38 c:/devkitpro/devkitarm/bin/../lib/gcc/arm-none-eabi/10.1.0/../../../../arm-none-eabi/lib/armv6k/fpu\libstdc++.a(eh_terminate.o)
                0x0000000000115264                __cxxabiv1::__terminate(void (*)())
 .text._ZSt9terminatev
                0x000000000011529c       0x18 c:/devkitpro/devkitarm/bin/../lib/gcc/arm-none-eabi/10.1.0/../../../../arm-none-eabi/lib/armv6k/fpu\libstdc++.a(eh_terminate.o)
                0x000000000011529c                std::terminate()
 .text._ZN10__cxxabiv112__unexpectedEPFvvE
                0x00000000001152b4        0xc c:/devkitpro/devkitarm/bin/../lib/gcc/arm-none-eabi/10.1.0/../../../../arm-none-eabi/lib/armv6k/fpu\libstdc++.a(eh_terminate.o)
                0x00000000001152b4                __cxxabiv1::__unexpected(void (*)())
 .text._ZSt10unexpectedv
                0x00000000001152c0       0x18 c:/devkitpro/devkitarm/bin/../lib/gcc/arm-none-eabi/10.1.0/../../../../arm-none-eabi/lib/armv6k/fpu\libstdc++.a(eh_terminate.o)
                0x00000000001152c0                std::unexpected()
 .text._ZSt13get_terminatev
                0x00000000001152d8       0x14 c:/devkitpro/devkitarm/bin/../lib/gcc/arm-none-eabi/10.1.0/../../../../arm-none-eabi/lib/armv6k/fpu\libstdc++.a(eh_terminate.o)
                0x00000000001152d8                std::get_terminate()
 .text._ZSt14get_unexpectedv
                0x00000000001152ec       0x14 c:/devkitpro/devkitarm/bin/../lib/gcc/arm-none-eabi/10.1.0/../../../../arm-none-eabi/lib/armv6k/fpu\libstdc++.a(eh_terminate.o)
                0x00000000001152ec                std::get_unexpected()
 .text._ZL23__gxx_exception_cleanup19_Unwind_Reason_CodeP21_Unwind_Control_Block
                0x0000000000115300       0x70 c:/devkitpro/devkitarm/bin/../lib/gcc/arm-none-eabi/10.1.0/../../../../arm-none-eabi/lib/armv6k/fpu\libstdc++.a(eh_throw.o)
 .text.__cxa_init_primary_exception
                0x0000000000115370       0x70 c:/devkitpro/devkitarm/bin/../lib/gcc/arm-none-eabi/10.1.0/../../../../arm-none-eabi/lib/armv6k/fpu\libstdc++.a(eh_throw.o)
                0x0000000000115370                __cxa_init_primary_exception
 .text.__cxa_throw
                0x00000000001153e0       0x58 c:/devkitpro/devkitarm/bin/../lib/gcc/arm-none-eabi/10.1.0/../../../../arm-none-eabi/lib/armv6k/fpu\libstdc++.a(eh_throw.o)
                0x00000000001153e0                __cxa_throw
 .text.__cxa_rethrow
                0x0000000000115438       0xb0 c:/devkitpro/devkitarm/bin/../lib/gcc/arm-none-eabi/10.1.0/../../../../arm-none-eabi/lib/armv6k/fpu\libstdc++.a(eh_throw.o)
                0x0000000000115438                __cxa_rethrow
 .text._ZSt15get_new_handlerv
                0x00000000001154e8       0x14 c:/devkitpro/devkitarm/bin/../lib/gcc/arm-none-eabi/10.1.0/../../../../arm-none-eabi/lib/armv6k/fpu\libstdc++.a(new_handler.o)
                0x00000000001154e8                std::get_new_handler()
 .text._ZN10__cxxabiv120__si_class_type_infoD2Ev
                0x00000000001154fc       0x20 c:/devkitpro/devkitarm/bin/../lib/gcc/arm-none-eabi/10.1.0/../../../../arm-none-eabi/lib/armv6k/fpu\libstdc++.a(si_class_type_info.o)
                0x00000000001154fc                __cxxabiv1::__si_class_type_info::~__si_class_type_info()
                0x00000000001154fc                __cxxabiv1::__si_class_type_info::~__si_class_type_info()
 .text._ZN10__cxxabiv120__si_class_type_infoD0Ev
                0x000000000011551c       0x2c c:/devkitpro/devkitarm/bin/../lib/gcc/arm-none-eabi/10.1.0/../../../../arm-none-eabi/lib/armv6k/fpu\libstdc++.a(si_class_type_info.o)
                0x000000000011551c                __cxxabiv1::__si_class_type_info::~__si_class_type_info()
 .text._ZNK10__cxxabiv120__si_class_type_info20__do_find_public_srcEiPKvPKNS_17__class_type_infoES2_
                0x0000000000115548       0x6c c:/devkitpro/devkitarm/bin/../lib/gcc/arm-none-eabi/10.1.0/../../../../arm-none-eabi/lib/armv6k/fpu\libstdc++.a(si_class_type_info.o)
                0x0000000000115548                __cxxabiv1::__si_class_type_info::__do_find_public_src(int, void const*, __cxxabiv1::__class_type_info const*, void const*) const
 .text._ZNK10__cxxabiv120__si_class_type_info12__do_dyncastEiNS_17__class_type_info10__sub_kindEPKS1_PKvS4_S6_RNS1_16__dyncast_resultE
                0x00000000001155b4       0xdc c:/devkitpro/devkitarm/bin/../lib/gcc/arm-none-eabi/10.1.0/../../../../arm-none-eabi/lib/armv6k/fpu\libstdc++.a(si_class_type_info.o)
                0x00000000001155b4                __cxxabiv1::__si_class_type_info::__do_dyncast(int, __cxxabiv1::__class_type_info::__sub_kind, __cxxabiv1::__class_type_info const*, void const*, __cxxabiv1::__class_type_info const*, void const*, __cxxabiv1::__class_type_info::__dyncast_result&) const
 .text._ZNK10__cxxabiv120__si_class_type_info11__do_upcastEPKNS_17__class_type_infoEPKvRNS1_15__upcast_resultE
                0x0000000000115690       0x44 c:/devkitpro/devkitarm/bin/../lib/gcc/arm-none-eabi/10.1.0/../../../../arm-none-eabi/lib/armv6k/fpu\libstdc++.a(si_class_type_info.o)
                0x0000000000115690                __cxxabiv1::__si_class_type_info::__do_upcast(__cxxabiv1::__class_type_info const*, void const*, __cxxabiv1::__class_type_info::__upcast_result&) const
 .text._ZNSt9type_infoD2Ev
                0x00000000001156d4        0x4 c:/devkitpro/devkitarm/bin/../lib/gcc/arm-none-eabi/10.1.0/../../../../arm-none-eabi/lib/armv6k/fpu\libstdc++.a(tinfo.o)
                0x00000000001156d4                std::type_info::~type_info()
                0x00000000001156d4                std::type_info::~type_info()
 .text._ZNKSt9type_info14__is_pointer_pEv
                0x00000000001156d8        0x8 c:/devkitpro/devkitarm/bin/../lib/gcc/arm-none-eabi/10.1.0/../../../../arm-none-eabi/lib/armv6k/fpu\libstdc++.a(tinfo.o)
                0x00000000001156d8                std::type_info::__is_pointer_p() const
                0x00000000001156d8                std::type_info::__is_function_p() const
 .text._ZNKSt9type_infoeqERKS_
                0x00000000001156e0       0x4c c:/devkitpro/devkitarm/bin/../lib/gcc/arm-none-eabi/10.1.0/../../../../arm-none-eabi/lib/armv6k/fpu\libstdc++.a(tinfo.o)
                0x00000000001156e0                std::type_info::operator==(std::type_info const&) const
 .text._ZNKSt11logic_error4whatEv
                0x000000000011572c        0x8 c:/devkitpro/devkitarm/bin/../lib/gcc/arm-none-eabi/10.1.0/../../../../arm-none-eabi/lib/armv6k/fpu\libstdc++.a(stdexcept.o)
                0x000000000011572c                std::logic_error::what() const
                0x000000000011572c                std::runtime_error::what() const
 .text._ZNSt11logic_errorD2Ev
                0x0000000000115734       0x64 c:/devkitpro/devkitarm/bin/../lib/gcc/arm-none-eabi/10.1.0/../../../../arm-none-eabi/lib/armv6k/fpu\libstdc++.a(stdexcept.o)
                0x0000000000115734                std::logic_error::~logic_error()
                0x0000000000115734                std::logic_error::~logic_error()
 .text._ZNSt12length_errorD2Ev
                0x0000000000115798       0x64 c:/devkitpro/devkitarm/bin/../lib/gcc/arm-none-eabi/10.1.0/../../../../arm-none-eabi/lib/armv6k/fpu\libstdc++.a(stdexcept.o)
                0x0000000000115798                std::length_error::~length_error()
                0x0000000000115798                std::length_error::~length_error()
 .text._ZNSt11logic_errorD0Ev
                0x00000000001157fc       0x6c c:/devkitpro/devkitarm/bin/../lib/gcc/arm-none-eabi/10.1.0/../../../../arm-none-eabi/lib/armv6k/fpu\libstdc++.a(stdexcept.o)
                0x00000000001157fc                std::logic_error::~logic_error()
 .text._ZNSt12length_errorD0Ev
                0x0000000000115868       0x6c c:/devkitpro/devkitarm/bin/../lib/gcc/arm-none-eabi/10.1.0/../../../../arm-none-eabi/lib/armv6k/fpu\libstdc++.a(stdexcept.o)
                0x0000000000115868                std::length_error::~length_error()
 .text._ZNSt11logic_errorC2EPKc
                0x00000000001158d4       0x38 c:/devkitpro/devkitarm/bin/../lib/gcc/arm-none-eabi/10.1.0/../../../../arm-none-eabi/lib/armv6k/fpu\libstdc++.a(cow-stdexcept.o)
                0x00000000001158d4                std::logic_error::logic_error(char const*)
                0x00000000001158d4                std::logic_error::logic_error(char const*)
 .text._ZNSt12length_errorC2EPKc
                0x000000000011590c       0x44 c:/devkitpro/devkitarm/bin/../lib/gcc/arm-none-eabi/10.1.0/../../../../arm-none-eabi/lib/armv6k/fpu\libstdc++.a(cow-stdexcept.o)
                0x000000000011590c                std::length_error::length_error(char const*)
                0x000000000011590c                std::length_error::length_error(char const*)
 .text._ZNSs4_Rep9_S_createEjjRKSaIcE
                0x0000000000115950       0x88 c:/devkitpro/devkitarm/bin/../lib/gcc/arm-none-eabi/10.1.0/../../../../arm-none-eabi/lib/armv6k/fpu\libstdc++.a(cow-string-inst.o)
                0x0000000000115950                std::string::_Rep::_S_create(unsigned int, unsigned int, std::allocator<char> const&)
 .text._ZNSs4_Rep10_M_destroyERKSaIcE
                0x00000000001159d8        0x4 c:/devkitpro/devkitarm/bin/../lib/gcc/arm-none-eabi/10.1.0/../../../../arm-none-eabi/lib/armv6k/fpu\libstdc++.a(cow-string-inst.o)
                0x00000000001159d8                std::string::_Rep::_M_destroy(std::allocator<char> const&)
 .text._ZNSs12_S_constructIPKcEEPcT_S3_RKSaIcESt20forward_iterator_tag
                0x00000000001159dc       0xa4 c:/devkitpro/devkitarm/bin/../lib/gcc/arm-none-eabi/10.1.0/../../../../arm-none-eabi/lib/armv6k/fpu\libstdc++.a(cow-string-inst.o)
                0x00000000001159dc                char* std::string::_S_construct<char const*>(char const*, char const*, std::allocator<char> const&, std::forward_iterator_tag)
 .text._ZNSsC2EPKcRKSaIcE
                0x0000000000115a80       0x4c c:/devkitpro/devkitarm/bin/../lib/gcc/arm-none-eabi/10.1.0/../../../../arm-none-eabi/lib/armv6k/fpu\libstdc++.a(cow-string-inst.o)
                0x0000000000115a80                std::basic_string<char, std::char_traits<char>, std::allocator<char> >::basic_string(char const*, std::allocator<char> const&)
                0x0000000000115a80                std::basic_string<char, std::char_traits<char>, std::allocator<char> >::basic_string(char const*, std::allocator<char> const&)
 .text._ZNK10__cxxabiv117__class_type_info11__do_upcastEPKS0_PPv
                0x0000000000115acc       0x5c c:/devkitpro/devkitarm/bin/../lib/gcc/arm-none-eabi/10.1.0/../../../../arm-none-eabi/lib/armv6k/fpu\libstdc++.a(class_type_info.o)
                0x0000000000115acc                __cxxabiv1::__class_type_info::__do_upcast(__cxxabiv1::__class_type_info const*, void**) const
 .text._ZNK10__cxxabiv117__class_type_info20__do_find_public_srcEiPKvPKS0_S2_
                0x0000000000115b28       0x14 c:/devkitpro/devkitarm/bin/../lib/gcc/arm-none-eabi/10.1.0/../../../../arm-none-eabi/lib/armv6k/fpu\libstdc++.a(class_type_info.o)
                0x0000000000115b28                __cxxabiv1::__class_type_info::__do_find_public_src(int, void const*, __cxxabiv1::__class_type_info const*, void const*) const
 .text._ZN10__cxxabiv117__class_type_infoD2Ev
                0x0000000000115b3c       0x20 c:/devkitpro/devkitarm/bin/../lib/gcc/arm-none-eabi/10.1.0/../../../../arm-none-eabi/lib/armv6k/fpu\libstdc++.a(class_type_info.o)
                0x0000000000115b3c                __cxxabiv1::__class_type_info::~__class_type_info()
                0x0000000000115b3c                __cxxabiv1::__class_type_info::~__class_type_info()
 .text._ZN10__cxxabiv117__class_type_infoD0Ev
                0x0000000000115b5c       0x2c c:/devkitpro/devkitarm/bin/../lib/gcc/arm-none-eabi/10.1.0/../../../../arm-none-eabi/lib/armv6k/fpu\libstdc++.a(class_type_info.o)
                0x0000000000115b5c                __cxxabiv1::__class_type_info::~__class_type_info()
 .text._ZNK10__cxxabiv117__class_type_info12__do_dyncastEiNS0_10__sub_kindEPKS0_PKvS3_S5_RNS0_16__dyncast_resultE